Jun 20 14:34:53 virtualbox rsyslogd: [origin software="rsyslogd" swVersion="8.16.0" x-pid="451" x-info="http://www.rsyslog.com"] start
Jun 20 14:34:53 virtualbox rsyslogd: rsyslogd's groupid changed to 108
Jun 20 14:34:53 virtualbox rsyslogd: rsyslogd's userid changed to 104
Jun 20 14:34:53 virtualbox systemd-modules-load[228]: Inserted module 'lp'
Jun 20 14:34:53 virtualbox systemd-modules-load[228]: Inserted module 'ppdev'
Jun 20 14:34:53 virtualbox systemd-modules-load[228]: Inserted module 'parport_pc'
Jun 20 14:34:53 virtualbox systemd[1]: Mounting FUSE Control File System...
Jun 20 14:34:53 virtualbox systemd[1]: Starting Apply Kernel Variables...
Jun 20 14:34:53 virtualbox keyboard-setup.sh[230]:  * Setting up keyboard layout...
Jun 20 14:34:53 virtualbox systemd[1]: Mounted FUSE Control File System.
Jun 20 14:34:53 virtualbox systemd[1]: Started Apply Kernel Variables.
Jun 20 14:34:53 virtualbox systemd[1]: Started udev Kernel Device Manager.
Jun 20 14:34:53 virtualbox systemd[1]: Starting Remount Root and Kernel File Systems...
Jun 20 14:34:53 virtualbox systemd[1]: Started Remount Root and Kernel File Systems.
Jun 20 14:34:53 virtualbox systemd[1]: Starting udev Coldplug all Devices...
Jun 20 14:34:53 virtualbox systemd[1]: Activating swap /swapfile...
Jun 20 14:34:53 virtualbox systemd[1]: Starting Flush Journal to Persistent Storage...
Jun 20 14:34:53 virtualbox systemd[1]: Starting Load/Save Random Seed...
Jun 20 14:34:53 virtualbox systemd[1]: Started Load/Save Random Seed.
Jun 20 14:34:53 virtualbox systemd[1]: Started Flush Journal to Persistent Storage.
Jun 20 14:34:53 virtualbox keyboard-setup.sh[230]:    ...done.
Jun 20 14:34:53 virtualbox systemd[1]: Started Set the console keyboard layout.
Jun 20 14:34:53 virtualbox systemd[1]: Reached target Local File Systems (Pre).
Jun 20 14:34:53 virtualbox systemd[1]: Reached target Local File Systems.
Jun 20 14:34:53 virtualbox systemd[1]: Starting Tell Plymouth To Write Out Runtime Data...
Jun 20 14:34:53 virtualbox systemd[1]: Starting Set console font and keymap...
Jun 20 14:34:53 virtualbox systemd[1]: Starting Clean up any mess left by 0dns-up...
Jun 20 14:34:53 virtualbox systemd[1]: Starting AppArmor initialization...
Jun 20 14:34:53 virtualbox systemd[1]: Starting Create Volatile Files and Directories...
Jun 20 14:34:53 virtualbox systemd[1]: Starting Commit a transient machine-id on disk...
Jun 20 14:34:53 virtualbox systemd[1]: Activated swap /swapfile.
Jun 20 14:34:53 virtualbox systemd[1]: Started Set console font and keymap.
Jun 20 14:34:53 virtualbox systemd[1]: Reached target Swap.
Jun 20 14:34:53 virtualbox systemd-tmpfiles[289]: [/usr/lib/tmpfiles.d/var.conf:14] Duplicate line for path "/var/log", ignoring.
Jun 20 14:34:53 virtualbox systemd[1]: Started Tell Plymouth To Write Out Runtime Data.
Jun 20 14:34:53 virtualbox systemd[1]: Started Create Volatile Files and Directories.
Jun 20 14:34:53 virtualbox systemd[1]: Started Clean up any mess left by 0dns-up.
Jun 20 14:34:53 virtualbox systemd[1]: Starting Nameserver information manager...
Jun 20 14:34:53 virtualbox systemd[1]: Starting Update UTMP about System Boot/Shutdown...
Jun 20 14:34:53 virtualbox systemd[1]: Starting Network Time Synchronization...
Jun 20 14:34:53 virtualbox systemd[1]: Started udev Coldplug all Devices.
Jun 20 14:34:53 virtualbox systemd[1]: Started Nameserver information manager.
Jun 20 14:34:53 virtualbox systemd[1]: Reached target Network (Pre).
Jun 20 14:34:53 virtualbox systemd[1]: Starting Show Plymouth Boot Screen...
Jun 20 14:34:53 virtualbox systemd[1]: Started Update UTMP about System Boot/Shutdown.
Jun 20 14:34:53 virtualbox systemd[1]: Started Commit a transient machine-id on disk.
Jun 20 14:34:53 virtualbox systemd[1]: Started Show Plymouth Boot Screen.
Jun 20 14:34:53 virtualbox systemd[1]: Started Forward Password Requests to Plymouth Directory Watch.
Jun 20 14:34:53 virtualbox systemd[1]: Reached target Encrypted Volumes.
Jun 20 14:34:53 virtualbox systemd[1]: Started Network Time Synchronization.
Jun 20 14:34:53 virtualbox systemd[1]: Reached target System Time Synchronized.
Jun 20 14:34:53 virtualbox apparmor[288]:  * Starting AppArmor profiles
Jun 20 14:34:53 virtualbox apparmor[288]: Skipping profile in /etc/apparmor.d/disable: usr.bin.firefox
Jun 20 14:34:53 virtualbox apparmor[288]: Skipping profile in /etc/apparmor.d/disable: usr.sbin.rsyslogd
Jun 20 14:34:53 virtualbox apparmor[288]:    ...done.
Jun 20 14:34:53 virtualbox systemd[1]: Started AppArmor initialization.
Jun 20 14:34:53 virtualbox systemd[1]: Reached target System Initialization.
Jun 20 14:34:53 virtualbox systemd[1]: Started Daily Cleanup of Temporary Directories.
Jun 20 14:34:53 virtualbox systemd[1]: Listening on UUID daemon activation socket.
Jun 20 14:34:53 virtualbox systemd[1]: motd-news.timer: Adding 11min 53.055808s random time.
Jun 20 14:34:53 virtualbox systemd[1]: Started Message of the Day.
Jun 20 14:34:53 virtualbox systemd[1]: Starting Socket activation for snappy daemon.
Jun 20 14:34:53 virtualbox systemd[1]: Started ACPI Events Check.
Jun 20 14:34:53 virtualbox systemd[1]: Listening on CUPS Scheduler.
Jun 20 14:34:53 virtualbox systemd[1]: Listening on D-Bus System Message Bus Socket.
Jun 20 14:34:53 virtualbox systemd[1]: Listening on Avahi mDNS/DNS-SD Stack Activation Socket.
Jun 20 14:34:53 virtualbox systemd[1]: snapd.refresh.timer: Adding 2h 44min 27.593390s random time.
Jun 20 14:34:53 virtualbox systemd[1]: snapd.refresh.timer: Adding 23min 41.077223s random time.
Jun 20 14:34:53 virtualbox systemd[1]: Started Timer to automatically refresh installed snaps.
Jun 20 14:34:53 virtualbox systemd[1]: Listening on ACPID Listen Socket.
Jun 20 14:34:53 virtualbox systemd[1]: Started CUPS Scheduler.
Jun 20 14:34:53 virtualbox systemd[1]: Reached target Paths.
Jun 20 14:34:53 virtualbox systemd[1]: apt-daily.timer: Adding 10h 59min 45.219043s random time.
Jun 20 14:34:53 virtualbox systemd[1]: Started Daily apt activities.
Jun 20 14:34:53 virtualbox systemd[1]: Reached target Timers.
Jun 20 14:34:53 virtualbox systemd[1]: Starting Raise network interfaces...
Jun 20 14:34:53 virtualbox systemd[1]: Listening on Socket activation for snappy daemon.
Jun 20 14:34:53 virtualbox systemd[1]: Reached target Sockets.
Jun 20 14:34:53 virtualbox systemd[1]: Reached target Basic System.
Jun 20 14:34:53 virtualbox systemd[1]: Starting Detect the available GPUs and deal with any system changes...
Jun 20 14:34:53 virtualbox systemd[1]: Starting LSB: daemon to balance interrupts for SMP systems...
Jun 20 14:34:53 virtualbox systemd[1]: Starting Modem Manager...
Jun 20 14:34:53 virtualbox systemd[1]: Starting Restore /etc/resolv.conf if the system crashed before the ppp link was shut down...
Jun 20 14:34:53 virtualbox systemd[1]: Started Run anacron jobs.
Jun 20 14:34:53 virtualbox anacron[442]: Anacron 2.3 started on 2017-06-20
Jun 20 14:34:53 virtualbox anacron[442]: Will run job `cron.daily' in 5 min.
Jun 20 14:34:53 virtualbox anacron[442]: Will run job `cron.weekly' in 10 min.
Jun 20 14:34:53 virtualbox anacron[442]: Will run job `cron.monthly' in 15 min.
Jun 20 14:34:53 virtualbox anacron[442]: Jobs will be executed sequentially
Jun 20 14:34:53 virtualbox systemd[1]: Starting monitor and control system power state...
Jun 20 14:34:53 virtualbox systemd[1]: Starting LSB: automatic crash report generation...
Jun 20 14:34:53 virtualbox systemd[1]: Starting Login Service...
Jun 20 14:34:53 virtualbox systemd[1]: Starting System Logging Service...
Jun 20 14:34:53 virtualbox systemd[1]: Started Regular background program processing daemon.
Jun 20 14:34:53 virtualbox gpu-manager[432]: /etc/modprobe.d is not a file
Jun 20 14:34:53 virtualbox gpu-manager[432]: message repeated 2 times: [ /etc/modprobe.d is not a file]
Jun 20 14:34:53 virtualbox ModemManager[435]: <info>  ModemManager (version 1.6.4) starting in system bus...
Jun 20 14:34:53 virtualbox gpu-manager[432]: /etc/modprobe.d is not a file
Jun 20 14:34:53 virtualbox systemd[1]: Starting Accounts Service...
Jun 20 14:34:53 virtualbox mtp-probe: checking bus 2, device 2: "/sys/devices/pci0000:00/0000:00:06.0/usb2/2-1"
Jun 20 14:34:53 virtualbox mtp-probe: bus: 2, device: 2 was not an MTP device
Jun 20 14:34:53 virtualbox kernel: [    0.000000] Linux version 4.10.0-19-generic (buildd@lcy01-13) (gcc version 6.3.0 20170321 (Ubuntu 6.3.0-10ubuntu1) ) #21-Ubuntu SMP Thu Apr 6 17:04:57 UTC 2017 (Ubuntu 4.10.0-19.21-generic 4.10.8)
Jun 20 14:34:53 virtualbox kernel: [    0.000000] Command line: BOOT_IMAGE=/boot/vmlinuz-4.10.0-19-generic root=UUID=c486629a-8c47-4d0b-88aa-b6a9c08de0e7 ro quiet splash
Jun 20 14:34:53 virtualbox kernel: [    0.000000] KERNEL supported cpus:
Jun 20 14:34:53 virtualbox kernel: [    0.000000]   Intel GenuineIntel
Jun 20 14:34:53 virtualbox kernel: [    0.000000]   AMD AuthenticAMD
Jun 20 14:34:53 virtualbox kernel: [    0.000000]   Centaur CentaurHauls
Jun 20 14:34:53 virtualbox kernel: [    0.000000] x86/fpu: Supporting XSAVE feature 0x001: 'x87 floating point registers'
Jun 20 14:34:53 virtualbox kernel: [    0.000000] x86/fpu: Supporting XSAVE feature 0x002: 'SSE registers'
Jun 20 14:34:53 virtualbox kernel: [    0.000000] x86/fpu: Supporting XSAVE feature 0x004: 'AVX registers'
Jun 20 14:34:53 virtualbox kernel: [    0.000000] x86/fpu: xstate_offset[2]:  576, xstate_sizes[2]:  256
Jun 20 14:34:53 virtualbox kernel: [    0.000000] x86/fpu: Enabled xstate features 0x7, context size is 832 bytes, using 'standard' format.
Jun 20 14:34:53 virtualbox kernel: [    0.000000] e820: BIOS-provided physical RAM map:
Jun 20 14:34:53 virtualbox kernel: [    0.000000] BIOS-e820: [mem 0x0000000000000000-0x000000000009fbff] usable
Jun 20 14:34:53 virtualbox kernel: [    0.000000] BIOS-e820: [mem 0x000000000009fc00-0x000000000009ffff] reserved
Jun 20 14:34:53 virtualbox kernel: [    0.000000] BIOS-e820: [mem 0x00000000000f0000-0x00000000000fffff] reserved
Jun 20 14:34:53 virtualbox kernel: [    0.000000] BIOS-e820: [mem 0x0000000000100000-0x000000003ffeffff] usable
Jun 20 14:34:53 virtualbox kernel: [    0.000000] BIOS-e820: [mem 0x000000003fff0000-0x000000003fffffff] ACPI data
Jun 20 14:34:53 virtualbox kernel: [    0.000000] BIOS-e820: [mem 0x00000000fffc0000-0x00000000ffffffff] reserved
Jun 20 14:34:53 virtualbox kernel: [    0.000000] NX (Execute Disable) protection: active
Jun 20 14:34:53 virtualbox kernel: [    0.000000] SMBIOS 2.5 present.
Jun 20 14:34:53 virtualbox kernel: [    0.000000] DMI: innotek GmbH VirtualBox/VirtualBox, BIOS VirtualBox 12/01/2006
Jun 20 14:34:53 virtualbox kernel: [    0.000000] Hypervisor detected: KVM
Jun 20 14:34:53 virtualbox kernel: [    0.000000] e820: update [mem 0x00000000-0x00000fff] usable ==> reserved
Jun 20 14:34:53 virtualbox kernel: [    0.000000] e820: remove [mem 0x000a0000-0x000fffff] usable
Jun 20 14:34:53 virtualbox kernel: [    0.000000] e820: last_pfn = 0x3fff0 max_arch_pfn = 0x400000000
Jun 20 14:34:53 virtualbox kernel: [    0.000000] MTRR default type: uncachable
Jun 20 14:34:53 virtualbox kernel: [    0.000000] MTRR variable ranges disabled:
Jun 20 14:34:53 virtualbox kernel: [    0.000000] MTRR: Disabled
Jun 20 14:34:53 virtualbox kernel: [    0.000000] x86/PAT: MTRRs disabled, skipping PAT initialization too.
Jun 20 14:34:53 virtualbox kernel: [    0.000000] x86/PAT: Configuration [0-7]: WB  WT  UC- UC  WB  WT  UC- UC  
Jun 20 14:34:53 virtualbox kernel: [    0.000000] CPU MTRRs all blank - virtualized system.
Jun 20 14:34:53 virtualbox kernel: [    0.000000] found SMP MP-table at [mem 0x0009fff0-0x0009ffff] mapped at [ffff90bdc009fff0]
Jun 20 14:34:53 virtualbox kernel: [    0.000000] Scanning 1 areas for low memory corruption
Jun 20 14:34:53 virtualbox kernel: [    0.000000] Base memory trampoline at [ffff90bdc0099000] 99000 size 24576
Jun 20 14:34:53 virtualbox kernel: [    0.000000] BRK [0x10628000, 0x10628fff] PGTABLE
Jun 20 14:34:53 virtualbox kernel: [    0.000000] BRK [0x10629000, 0x10629fff] PGTABLE
Jun 20 14:34:53 virtualbox kernel: [    0.000000] BRK [0x1062a000, 0x1062afff] PGTABLE
Jun 20 14:34:53 virtualbox kernel: [    0.000000] BRK [0x1062b000, 0x1062bfff] PGTABLE
Jun 20 14:34:53 virtualbox kernel: [    0.000000] BRK [0x1062c000, 0x1062cfff] PGTABLE
Jun 20 14:34:53 virtualbox kernel: [    0.000000] RAMDISK: [mem 0x32dff000-0x356f6fff]
Jun 20 14:34:53 virtualbox kernel: [    0.000000] ACPI: Early table checksum verification disabled
Jun 20 14:34:53 virtualbox kernel: [    0.000000] ACPI: RSDP 0x00000000000E0000 000024 (v02 VBOX  )
Jun 20 14:34:53 virtualbox kernel: [    0.000000] ACPI: XSDT 0x000000003FFF0030 00003C (v01 VBOX   VBOXXSDT 00000001 ASL  00000061)
Jun 20 14:34:53 virtualbox kernel: [    0.000000] ACPI: FACP 0x000000003FFF00F0 0000F4 (v04 VBOX   VBOXFACP 00000001 ASL  00000061)
Jun 20 14:34:53 virtualbox kernel: [    0.000000] ACPI: DSDT 0x000000003FFF0470 002118 (v01 VBOX   VBOXBIOS 00000002 INTL 20160108)
Jun 20 14:34:53 virtualbox kernel: [    0.000000] ACPI: FACS 0x000000003FFF0200 000040
Jun 20 14:34:53 virtualbox kernel: [    0.000000] ACPI: FACS 0x000000003FFF0200 000040
Jun 20 14:34:53 virtualbox kernel: [    0.000000] ACPI: APIC 0x000000003FFF0240 00005C (v02 VBOX   VBOXAPIC 00000001 ASL  00000061)
Jun 20 14:34:53 virtualbox kernel: [    0.000000] ACPI: SSDT 0x000000003FFF02A0 0001CC (v01 VBOX   VBOXCPUT 00000002 INTL 20160108)
Jun 20 14:34:53 virtualbox kernel: [    0.000000] ACPI: Local APIC address 0xfee00000
Jun 20 14:34:53 virtualbox kernel: [    0.000000] No NUMA configuration found
Jun 20 14:34:53 virtualbox kernel: [    0.000000] Faking a node at [mem 0x0000000000000000-0x000000003ffeffff]
Jun 20 14:34:53 virtualbox kernel: [    0.000000] NODE_DATA(0) allocated [mem 0x3ffc5000-0x3ffeffff]
Jun 20 14:34:53 virtualbox kernel: [    0.000000] kvm-clock: Using msrs 4b564d01 and 4b564d00
Jun 20 14:34:53 virtualbox kernel: [    0.000000] kvm-clock: cpu 0, msr 0:3ff45001, primary cpu clock
Jun 20 14:34:53 virtualbox kernel: [    0.000000] kvm-clock: using sched offset of 1966507619 cycles
Jun 20 14:34:53 virtualbox kernel: [    0.000000] clocksource: kvm-clock: mask: 0xffffffffffffffff max_cycles: 0x1cd42e4dffb, max_idle_ns: 881590591483 ns
Jun 20 14:34:53 virtualbox kernel: [    0.000000] Zone ranges:
Jun 20 14:34:53 virtualbox kernel: [    0.000000]   DMA      [mem 0x0000000000001000-0x0000000000ffffff]
Jun 20 14:34:53 virtualbox kernel: [    0.000000]   DMA32    [mem 0x0000000001000000-0x000000003ffeffff]
Jun 20 14:34:53 virtualbox kernel: [    0.000000]   Normal   empty
Jun 20 14:34:53 virtualbox kernel: [    0.000000]   Device   empty
Jun 20 14:34:53 virtualbox kernel: [    0.000000] Movable zone start for each node
Jun 20 14:34:53 virtualbox kernel: [    0.000000] Early memory node ranges
Jun 20 14:34:53 virtualbox kernel: [    0.000000]   node   0: [mem 0x0000000000001000-0x000000000009efff]
Jun 20 14:34:53 virtualbox kernel: [    0.000000]   node   0: [mem 0x0000000000100000-0x000000003ffeffff]
Jun 20 14:34:53 virtualbox kernel: [    0.000000] Initmem setup node 0 [mem 0x0000000000001000-0x000000003ffeffff]
Jun 20 14:34:53 virtualbox kernel: [    0.000000] On node 0 totalpages: 262030
Jun 20 14:34:53 virtualbox kernel: [    0.000000]   DMA zone: 64 pages used for memmap
Jun 20 14:34:53 virtualbox kernel: [    0.000000]   DMA zone: 21 pages reserved
Jun 20 14:34:53 virtualbox kernel: [    0.000000]   DMA zone: 3998 pages, LIFO batch:0
Jun 20 14:34:53 virtualbox kernel: [    0.000000]   DMA32 zone: 4032 pages used for memmap
Jun 20 14:34:53 virtualbox kernel: [    0.000000]   DMA32 zone: 258032 pages, LIFO batch:31
Jun 20 14:34:53 virtualbox kernel: [    0.000000] ACPI: PM-Timer IO Port: 0x4008
Jun 20 14:34:53 virtualbox kernel: [    0.000000] ACPI: Local APIC address 0xfee00000
Jun 20 14:34:53 virtualbox kernel: [    0.000000] IOAPIC[0]: apic_id 2, version 17, address 0xfec00000, GSI 0-23
Jun 20 14:34:53 virtualbox kernel: [    0.000000] ACPI: INT_SRC_OVR (bus 0 bus_irq 0 global_irq 2 dfl dfl)
Jun 20 14:34:53 virtualbox kernel: [    0.000000] ACPI: INT_SRC_OVR (bus 0 bus_irq 9 global_irq 9 high level)
Jun 20 14:34:53 virtualbox kernel: [    0.000000] ACPI: IRQ0 used by override.
Jun 20 14:34:53 virtualbox kernel: [    0.000000] ACPI: IRQ9 used by override.
Jun 20 14:34:53 virtualbox kernel: [    0.000000] Using ACPI (MADT) for SMP configuration information
Jun 20 14:34:53 virtualbox kernel: [    0.000000] smpboot: Allowing 2 CPUs, 0 hotplug CPUs
Jun 20 14:34:53 virtualbox kernel: [    0.000000] PM: Registered nosave memory: [mem 0x00000000-0x00000fff]
Jun 20 14:34:53 virtualbox kernel: [    0.000000] PM: Registered nosave memory: [mem 0x0009f000-0x0009ffff]
Jun 20 14:34:53 virtualbox kernel: [    0.000000] PM: Registered nosave memory: [mem 0x000a0000-0x000effff]
Jun 20 14:34:53 virtualbox kernel: [    0.000000] PM: Registered nosave memory: [mem 0x000f0000-0x000fffff]
Jun 20 14:34:53 virtualbox kernel: [    0.000000] e820: [mem 0x40000000-0xfffbffff] available for PCI devices
Jun 20 14:34:53 virtualbox kernel: [    0.000000] Booting paravirtualized kernel on KVM
Jun 20 14:34:53 virtualbox kernel: [    0.000000] clocksource: refined-jiffies: mask: 0xffffffff max_cycles: 0xffffffff, max_idle_ns: 7645519600211568 ns
Jun 20 14:34:53 virtualbox kernel: [    0.000000] setup_percpu: NR_CPUS:8192 nr_cpumask_bits:2 nr_cpu_ids:2 nr_node_ids:1
Jun 20 14:34:53 virtualbox kernel: [    0.000000] percpu: Embedded 36 pages/cpu @ffff90bdffc00000 s107800 r8192 d31464 u1048576
Jun 20 14:34:53 virtualbox kernel: [    0.000000] pcpu-alloc: s107800 r8192 d31464 u1048576 alloc=1*2097152
Jun 20 14:34:53 virtualbox kernel: [    0.000000] pcpu-alloc: [0] 0 1 
Jun 20 14:34:53 virtualbox kernel: [    0.000000] PV qspinlock hash table entries: 256 (order: 0, 4096 bytes)
Jun 20 14:34:53 virtualbox kernel: [    0.000000] Built 1 zonelists in Node order, mobility grouping on.  Total pages: 257913
Jun 20 14:34:53 virtualbox kernel: [    0.000000] Policy zone: DMA32
Jun 20 14:34:53 virtualbox kernel: [    0.000000] Kernel command line: BOOT_IMAGE=/boot/vmlinuz-4.10.0-19-generic root=UUID=c486629a-8c47-4d0b-88aa-b6a9c08de0e7 ro quiet splash
Jun 20 14:34:53 virtualbox kernel: [    0.000000] PID hash table entries: 4096 (order: 3, 32768 bytes)
Jun 20 14:34:53 virtualbox kernel: [    0.000000] Calgary: detecting Calgary via BIOS EBDA area
Jun 20 14:34:53 virtualbox kernel: [    0.000000] Calgary: Unable to locate Rio Grande table in EBDA - bailing!
Jun 20 14:34:53 virtualbox kernel: [    0.000000] Memory: 967976K/1048120K available (9061K kernel code, 1666K rwdata, 3816K rodata, 2228K init, 2364K bss, 80144K reserved, 0K cma-reserved)
Jun 20 14:34:53 virtualbox kernel: [    0.000000] SLUB: HWalign=64, Order=0-3, MinObjects=0, CPUs=2, Nodes=1
Jun 20 14:34:53 virtualbox kernel: [    0.000000] Hierarchical RCU implementation.
Jun 20 14:34:53 virtualbox kernel: [    0.000000] 	Build-time adjustment of leaf fanout to 64.
Jun 20 14:34:53 virtualbox kernel: [    0.000000] 	RCU restricting CPUs from NR_CPUS=8192 to nr_cpu_ids=2.
Jun 20 14:34:53 virtualbox kernel: [    0.000000] RCU: Adjusting geometry for rcu_fanout_leaf=64, nr_cpu_ids=2
Jun 20 14:34:53 virtualbox kernel: [    0.000000] NR_IRQS:524544 nr_irqs:440 16
Jun 20 14:34:53 virtualbox kernel: [    0.000000] Console: colour VGA+ 80x25
Jun 20 14:34:53 virtualbox kernel: [    0.000000] console [tty0] enabled
Jun 20 14:34:53 virtualbox kernel: [    0.000000] tsc: Detected 2593.992 MHz processor
Jun 20 14:34:53 virtualbox kernel: [    0.027890] Calibrating delay loop (skipped) preset value.. 5187.98 BogoMIPS (lpj=10375968)
Jun 20 14:34:53 virtualbox kernel: [    0.027891] pid_max: default: 32768 minimum: 301
Jun 20 14:34:53 virtualbox kernel: [    0.027900] ACPI: Core revision 20160930
Jun 20 14:34:53 virtualbox kernel: [    0.028634] ACPI: 2 ACPI AML tables successfully acquired and loaded
Jun 20 14:34:53 virtualbox kernel: [    0.028653] Security Framework initialized
Jun 20 14:34:53 virtualbox kernel: [    0.028653] Yama: becoming mindful.
Jun 20 14:34:53 virtualbox kernel: [    0.028663] AppArmor: AppArmor initialized
Jun 20 14:34:53 virtualbox kernel: [    0.028716] Dentry cache hash table entries: 131072 (order: 8, 1048576 bytes)
Jun 20 14:34:53 virtualbox kernel: [    0.028838] Inode-cache hash table entries: 65536 (order: 7, 524288 bytes)
Jun 20 14:34:53 virtualbox kernel: [    0.028894] Mount-cache hash table entries: 2048 (order: 2, 16384 bytes)
Jun 20 14:34:53 virtualbox kernel: [    0.028895] Mountpoint-cache hash table entries: 2048 (order: 2, 16384 bytes)
Jun 20 14:34:53 virtualbox kernel: [    0.029065] CPU: Physical Processor ID: 0
Jun 20 14:34:53 virtualbox kernel: [    0.029065] CPU: Processor Core ID: 0
Jun 20 14:34:53 virtualbox kernel: [    0.029077] mce: CPU supports 0 MCE banks
Jun 20 14:34:53 virtualbox kernel: [    0.029095] Last level iTLB entries: 4KB 1024, 2MB 1024, 4MB 1024
Jun 20 14:34:53 virtualbox kernel: [    0.029096] Last level dTLB entries: 4KB 1024, 2MB 1024, 4MB 1024, 1GB 4
Jun 20 14:34:53 virtualbox kernel: [    0.029205] Freeing SMP alternatives memory: 32K
Jun 20 14:34:53 virtualbox kernel: [    0.030113] ftrace: allocating 34175 entries in 134 pages
Jun 20 14:34:53 virtualbox kernel: [    0.040762] smpboot: Max logical packages: 1
Jun 20 14:34:53 virtualbox kernel: [    0.041772] ..TIMER: vector=0x30 apic1=0 pin1=2 apic2=-1 pin2=-1
Jun 20 14:34:53 virtualbox kernel: [    0.148327] smpboot: CPU0: Intel(R) Core(TM) i7-4720HQ CPU @ 2.60GHz (family: 0x6, model: 0x3c, stepping: 0x3)
Jun 20 14:34:53 virtualbox kernel: [    0.148392] Performance Events: unsupported p6 CPU model 60 no PMU driver, software events only.
Jun 20 14:34:53 virtualbox kernel: [    0.148413] KVM setup paravirtual spinlock
Jun 20 14:34:53 virtualbox kernel: [    0.148970] smp: Bringing up secondary CPUs ...
Jun 20 14:34:53 virtualbox kernel: [    0.149020] x86: Booting SMP configuration:
Jun 20 14:34:53 virtualbox kernel: [    0.149021] .... node  #0, CPUs:      #1
Jun 20 14:34:53 virtualbox kernel: [    0.149348] kvm-clock: cpu 1, msr 0:3ff45041, secondary cpu clock
Jun 20 14:34:53 virtualbox kernel: [    0.149465] mce: CPU supports 0 MCE banks
Jun 20 14:34:53 virtualbox kernel: [    0.151599] smp: Brought up 1 node, 2 CPUs
Jun 20 14:34:53 virtualbox kernel: [    0.151601] smpboot: Total of 2 processors activated (10375.96 BogoMIPS)
Jun 20 14:34:53 virtualbox kernel: [    0.152048] devtmpfs: initialized
Jun 20 14:34:53 virtualbox kernel: [    0.152110] x86/mm: Memory block size: 128MB
Jun 20 14:34:53 virtualbox kernel: [    0.153185] evm: security.selinux
Jun 20 14:34:53 virtualbox kernel: [    0.153186] evm: security.SMACK64
Jun 20 14:34:53 virtualbox kernel: [    0.153186] evm: security.SMACK64EXEC
Jun 20 14:34:53 virtualbox kernel: [    0.153186] evm: security.SMACK64TRANSMUTE
Jun 20 14:34:53 virtualbox kernel: [    0.153187] evm: security.SMACK64MMAP
Jun 20 14:34:53 virtualbox kernel: [    0.153187] evm: security.ima
Jun 20 14:34:53 virtualbox kernel: [    0.153187] evm: security.capability
Jun 20 14:34:53 virtualbox kernel: [    0.153714] clocksource: jiffies: mask: 0xffffffff max_cycles: 0xffffffff, max_idle_ns: 7645041785100000 ns
Jun 20 14:34:53 virtualbox kernel: [    0.153728] futex hash table entries: 512 (order: 3, 32768 bytes)
Jun 20 14:34:53 virtualbox kernel: [    0.153774] pinctrl core: initialized pinctrl subsystem
Jun 20 14:34:53 virtualbox kernel: [    0.153862] RTC time: 12:34:49, date: 06/20/17
Jun 20 14:34:53 virtualbox kernel: [    0.154001] NET: Registered protocol family 16
Jun 20 14:34:53 virtualbox kernel: [    0.163846] cpuidle: using governor ladder
Jun 20 14:34:53 virtualbox kernel: [    0.181584] cpuidle: using governor menu
Jun 20 14:34:53 virtualbox kernel: [    0.181587] PCCT header not found.
Jun 20 14:34:53 virtualbox kernel: [    0.181635] ACPI: bus type PCI registered
Jun 20 14:34:53 virtualbox kernel: [    0.181637] acpiphp: ACPI Hot Plug PCI Controller Driver version: 0.5
Jun 20 14:34:53 virtualbox kernel: [    0.181749] PCI: Using configuration type 1 for base access
Jun 20 14:34:53 virtualbox kernel: [    0.192976] HugeTLB registered 2 MB page size, pre-allocated 0 pages
Jun 20 14:34:53 virtualbox kernel: [    0.193565] ACPI: Added _OSI(Module Device)
Jun 20 14:34:53 virtualbox kernel: [    0.193566] ACPI: Added _OSI(Processor Device)
Jun 20 14:34:53 virtualbox kernel: [    0.193567] ACPI: Added _OSI(3.0 _SCP Extensions)
Jun 20 14:34:53 virtualbox kernel: [    0.193568] ACPI: Added _OSI(Processor Aggregator Device)
Jun 20 14:34:53 virtualbox kernel: [    0.193783] ACPI: Executed 1 blocks of module-level executable AML code
Jun 20 14:34:53 virtualbox kernel: [    0.195536] ACPI: Interpreter enabled
Jun 20 14:34:53 virtualbox kernel: [    0.195544] ACPI: (supports S0 S5)
Jun 20 14:34:53 virtualbox kernel: [    0.195545] ACPI: Using IOAPIC for interrupt routing
Jun 20 14:34:53 virtualbox kernel: [    0.195652] PCI: Using host bridge windows from ACPI; if necessary, use "pci=nocrs" and report a bug
Jun 20 14:34:53 virtualbox kernel: [    0.198097] ACPI: PCI Root Bridge [PCI0] (domain 0000 [bus 00-ff])
Jun 20 14:34:53 virtualbox kernel: [    0.198100] acpi PNP0A03:00: _OSC: OS supports [ASPM ClockPM Segments MSI]
Jun 20 14:34:53 virtualbox kernel: [    0.198103] acpi PNP0A03:00: _OSC failed (AE_NOT_FOUND); disabling ASPM
Jun 20 14:34:53 virtualbox kernel: [    0.198108] acpi PNP0A03:00: fail to add MMCONFIG information, can't access extended PCI configuration space under this bridge.
Jun 20 14:34:53 virtualbox kernel: [    0.198261] PCI host bridge to bus 0000:00
Jun 20 14:34:53 virtualbox kernel: [    0.198263] pci_bus 0000:00: root bus resource [io  0x0000-0x0cf7 window]
Jun 20 14:34:53 virtualbox kernel: [    0.198264] pci_bus 0000:00: root bus resource [io  0x0d00-0xffff window]
Jun 20 14:34:53 virtualbox kernel: [    0.198264] pci_bus 0000:00: root bus resource [mem 0x000a0000-0x000bffff window]
Jun 20 14:34:53 virtualbox kernel: [    0.198265] pci_bus 0000:00: root bus resource [mem 0x40000000-0xffdfffff window]
Jun 20 14:34:53 virtualbox kernel: [    0.198266] pci_bus 0000:00: root bus resource [bus 00-ff]
Jun 20 14:34:53 virtualbox kernel: [    0.198288] pci 0000:00:00.0: [8086:1237] type 00 class 0x060000
Jun 20 14:34:53 virtualbox kernel: [    0.198617] pci 0000:00:01.0: [8086:7000] type 00 class 0x060100
Jun 20 14:34:53 virtualbox kernel: [    0.198970] pci 0000:00:01.1: [8086:7111] type 00 class 0x01018a
Jun 20 14:34:53 virtualbox kernel: [    0.199170] pci 0000:00:01.1: reg 0x20: [io  0xd000-0xd00f]
Jun 20 14:34:53 virtualbox kernel: [    0.199253] pci 0000:00:01.1: legacy IDE quirk: reg 0x10: [io  0x01f0-0x01f7]
Jun 20 14:34:53 virtualbox kernel: [    0.199253] pci 0000:00:01.1: legacy IDE quirk: reg 0x14: [io  0x03f6]
Jun 20 14:34:53 virtualbox kernel: [    0.199254] pci 0000:00:01.1: legacy IDE quirk: reg 0x18: [io  0x0170-0x0177]
Jun 20 14:34:53 virtualbox kernel: [    0.199255] pci 0000:00:01.1: legacy IDE quirk: reg 0x1c: [io  0x0376]
Jun 20 14:34:53 virtualbox kernel: [    0.199372] pci 0000:00:02.0: [80ee:beef] type 00 class 0x030000
Jun 20 14:34:53 virtualbox kernel: [    0.202831] pci 0000:00:02.0: reg 0x10: [mem 0xe0000000-0xe7ffffff pref]
Jun 20 14:34:53 virtualbox kernel: [    0.221698] pci 0000:00:03.0: [8086:100e] type 00 class 0x020000
Jun 20 14:34:53 virtualbox kernel: [    0.222253] pci 0000:00:03.0: reg 0x10: [mem 0xf0000000-0xf001ffff]
Jun 20 14:34:53 virtualbox kernel: [    0.223232] pci 0000:00:03.0: reg 0x18: [io  0xd010-0xd017]
Jun 20 14:34:53 virtualbox kernel: [    0.225762] pci 0000:00:04.0: [80ee:cafe] type 00 class 0x088000
Jun 20 14:34:53 virtualbox kernel: [    0.226363] pci 0000:00:04.0: reg 0x10: [io  0xd020-0xd03f]
Jun 20 14:34:53 virtualbox kernel: [    0.226916] pci 0000:00:04.0: reg 0x14: [mem 0xf0400000-0xf07fffff]
Jun 20 14:34:53 virtualbox kernel: [    0.227429] pci 0000:00:04.0: reg 0x18: [mem 0xf0800000-0xf0803fff pref]
Jun 20 14:34:53 virtualbox kernel: [    0.229758] pci 0000:00:05.0: [8086:2415] type 00 class 0x040100
Jun 20 14:34:53 virtualbox kernel: [    0.229829] pci 0000:00:05.0: reg 0x10: [io  0xd100-0xd1ff]
Jun 20 14:34:53 virtualbox kernel: [    0.229878] pci 0000:00:05.0: reg 0x14: [io  0xd200-0xd23f]
Jun 20 14:34:53 virtualbox kernel: [    0.230286] pci 0000:00:06.0: [106b:003f] type 00 class 0x0c0310
Jun 20 14:34:53 virtualbox kernel: [    0.230826] pci 0000:00:06.0: reg 0x10: [mem 0xf0804000-0xf0804fff]
Jun 20 14:34:53 virtualbox kernel: [    0.233635] pci 0000:00:07.0: [8086:7113] type 00 class 0x068000
Jun 20 14:34:53 virtualbox kernel: [    0.234192] pci 0000:00:0b.0: [8086:265c] type 00 class 0x0c0320
Jun 20 14:34:53 virtualbox kernel: [    0.234709] pci 0000:00:0b.0: reg 0x10: [mem 0xf0805000-0xf0805fff]
Jun 20 14:34:53 virtualbox kernel: [    0.237812] pci 0000:00:0d.0: [8086:2829] type 00 class 0x010601
Jun 20 14:34:53 virtualbox kernel: [    0.238375] pci 0000:00:0d.0: reg 0x10: [io  0xd240-0xd247]
Jun 20 14:34:53 virtualbox kernel: [    0.239402] pci 0000:00:0d.0: reg 0x18: [io  0xd250-0xd257]
Jun 20 14:34:53 virtualbox kernel: [    0.240442] pci 0000:00:0d.0: reg 0x20: [io  0xd260-0xd26f]
Jun 20 14:34:53 virtualbox kernel: [    0.240961] pci 0000:00:0d.0: reg 0x24: [mem 0xf0806000-0xf0807fff]
Jun 20 14:34:53 virtualbox kernel: [    0.242688] ACPI: PCI Interrupt Link [LNKA] (IRQs 5 9 10 *11)
Jun 20 14:34:53 virtualbox kernel: [    0.242823] ACPI: PCI Interrupt Link [LNKB] (IRQs 5 9 10 *11)
Jun 20 14:34:53 virtualbox kernel: [    0.242870] ACPI: PCI Interrupt Link [LNKC] (IRQs 5 9 *10 11)
Jun 20 14:34:53 virtualbox kernel: [    0.242917] ACPI: PCI Interrupt Link [LNKD] (IRQs 5 *9 10 11)
Jun 20 14:34:53 virtualbox kernel: [    0.243008] ACPI: Enabled 2 GPEs in block 00 to 07
Jun 20 14:34:53 virtualbox kernel: [    0.243282] SCSI subsystem initialized
Jun 20 14:34:53 virtualbox kernel: [    0.243453] libata version 3.00 loaded.
Jun 20 14:34:53 virtualbox kernel: [    0.243556] pci 0000:00:02.0: vgaarb: setting as boot VGA device
Jun 20 14:34:53 virtualbox kernel: [    0.243557] pci 0000:00:02.0: vgaarb: VGA device added: decodes=io+mem,owns=io+mem,locks=none
Jun 20 14:34:53 virtualbox kernel: [    0.243559] pci 0000:00:02.0: vgaarb: bridge control possible
Jun 20 14:34:53 virtualbox kernel: [    0.243560] vgaarb: loaded
Jun 20 14:34:53 virtualbox kernel: [    0.243579] ACPI: bus type USB registered
Jun 20 14:34:53 virtualbox kernel: [    0.243595] usbcore: registered new interface driver usbfs
Jun 20 14:34:53 virtualbox kernel: [    0.243601] usbcore: registered new interface driver hub
Jun 20 14:34:53 virtualbox kernel: [    0.243617] usbcore: registered new device driver usb
Jun 20 14:34:53 virtualbox kernel: [    0.243804] PCI: Using ACPI for IRQ routing
Jun 20 14:34:53 virtualbox kernel: [    0.243806] PCI: pci_cache_line_size set to 64 bytes
Jun 20 14:34:53 virtualbox kernel: [    0.243915] e820: reserve RAM buffer [mem 0x0009fc00-0x0009ffff]
Jun 20 14:34:53 virtualbox kernel: [    0.243918] e820: reserve RAM buffer [mem 0x3fff0000-0x3fffffff]
Jun 20 14:34:53 virtualbox kernel: [    0.244002] NetLabel: Initializing
Jun 20 14:34:53 virtualbox kernel: [    0.244003] NetLabel:  domain hash size = 128
Jun 20 14:34:53 virtualbox kernel: [    0.244003] NetLabel:  protocols = UNLABELED CIPSOv4 CALIPSO
Jun 20 14:34:53 virtualbox kernel: [    0.244015] NetLabel:  unlabeled traffic allowed by default
Jun 20 14:34:53 virtualbox kernel: [    0.244297] clocksource: Switched to clocksource kvm-clock
Jun 20 14:34:53 virtualbox kernel: [    0.250826] VFS: Disk quotas dquot_6.6.0
Jun 20 14:34:53 virtualbox kernel: [    0.250841] VFS: Dquot-cache hash table entries: 512 (order 0, 4096 bytes)
Jun 20 14:34:53 virtualbox kernel: [    0.250919] AppArmor: AppArmor Filesystem Enabled
Jun 20 14:34:53 virtualbox kernel: [    0.250954] pnp: PnP ACPI init
Jun 20 14:34:53 virtualbox kernel: [    0.251005] pnp 00:00: Plug and Play ACPI device, IDs PNP0303 (active)
Jun 20 14:34:53 virtualbox kernel: [    0.251061] pnp 00:01: Plug and Play ACPI device, IDs PNP0f03 (active)
Jun 20 14:34:53 virtualbox kernel: [    0.251429] pnp: PnP ACPI: found 2 devices
Jun 20 14:34:53 virtualbox kernel: [    0.260698] clocksource: acpi_pm: mask: 0xffffff max_cycles: 0xffffff, max_idle_ns: 2085701024 ns
Jun 20 14:34:53 virtualbox kernel: [    0.260707] pci_bus 0000:00: resource 4 [io  0x0000-0x0cf7 window]
Jun 20 14:34:53 virtualbox kernel: [    0.260708] pci_bus 0000:00: resource 5 [io  0x0d00-0xffff window]
Jun 20 14:34:53 virtualbox kernel: [    0.260709] pci_bus 0000:00: resource 6 [mem 0x000a0000-0x000bffff window]
Jun 20 14:34:53 virtualbox kernel: [    0.260709] pci_bus 0000:00: resource 7 [mem 0x40000000-0xffdfffff window]
Jun 20 14:34:53 virtualbox kernel: [    0.260742] NET: Registered protocol family 2
Jun 20 14:34:53 virtualbox kernel: [    0.260922] TCP established hash table entries: 8192 (order: 4, 65536 bytes)
Jun 20 14:34:53 virtualbox kernel: [    0.260933] TCP bind hash table entries: 8192 (order: 5, 131072 bytes)
Jun 20 14:34:53 virtualbox kernel: [    0.260949] TCP: Hash tables configured (established 8192 bind 8192)
Jun 20 14:34:53 virtualbox kernel: [    0.261308] UDP hash table entries: 512 (order: 2, 16384 bytes)
Jun 20 14:34:53 virtualbox kernel: [    0.261314] UDP-Lite hash table entries: 512 (order: 2, 16384 bytes)
Jun 20 14:34:53 virtualbox kernel: [    0.261340] NET: Registered protocol family 1
Jun 20 14:34:53 virtualbox kernel: [    0.261347] pci 0000:00:00.0: Limiting direct PCI/PCI transfers
Jun 20 14:34:53 virtualbox kernel: [    0.261364] pci 0000:00:01.0: Activating ISA DMA hang workarounds
Jun 20 14:34:53 virtualbox kernel: [    0.261390] pci 0000:00:02.0: Video device with shadowed ROM at [mem 0x000c0000-0x000dffff]
Jun 20 14:34:53 virtualbox kernel: [    0.262876] PCI: CLS 0 bytes, default 64
Jun 20 14:34:53 virtualbox kernel: [    0.262909] Unpacking initramfs...
Jun 20 14:34:53 virtualbox kernel: [    0.706158] Freeing initrd memory: 41952K
Jun 20 14:34:53 virtualbox kernel: [    0.706261] platform rtc_cmos: registered platform RTC device (no PNP device found)
Jun 20 14:34:53 virtualbox kernel: [    0.706278] Scanning for low memory corruption every 60 seconds
Jun 20 14:34:53 virtualbox kernel: [    0.706776] audit: initializing netlink subsys (disabled)
Jun 20 14:34:53 virtualbox kernel: [    0.706884] audit: type=2000 audit(1497962093.191:1): initialized
Jun 20 14:34:53 virtualbox kernel: [    0.707075] Initialise system trusted keyrings
Jun 20 14:34:53 virtualbox kernel: [    0.707249] workingset: timestamp_bits=36 max_order=18 bucket_order=0
Jun 20 14:34:53 virtualbox kernel: [    0.708395] zbud: loaded
Jun 20 14:34:53 virtualbox kernel: [    0.708785] squashfs: version 4.0 (2009/01/31) Phillip Lougher
Jun 20 14:34:53 virtualbox kernel: [    0.709021] fuse init (API version 7.26)
Jun 20 14:34:53 virtualbox kernel: [    0.710968] Key type asymmetric registered
Jun 20 14:34:53 virtualbox kernel: [    0.710969] Asymmetric key parser 'x509' registered
Jun 20 14:34:53 virtualbox kernel: [    0.710995] Block layer SCSI generic (bsg) driver version 0.4 loaded (major 248)
Jun 20 14:34:53 virtualbox kernel: [    0.711016] io scheduler noop registered
Jun 20 14:34:53 virtualbox kernel: [    0.711017] io scheduler deadline registered
Jun 20 14:34:53 virtualbox kernel: [    0.711025] io scheduler cfq registered (default)
Jun 20 14:34:53 virtualbox kernel: [    0.711152] intel_idle: does not run on family 6 model 60
Jun 20 14:34:53 virtualbox kernel: [    0.711218] ACPI: AC Adapter [AC] (on-line)
Jun 20 14:34:53 virtualbox kernel: [    0.711255] input: Power Button as /devices/LNXSYSTM:00/LNXPWRBN:00/input/input0
Jun 20 14:34:53 virtualbox kernel: [    0.711258] ACPI: Power Button [PWRF]
Jun 20 14:34:53 virtualbox kernel: [    0.711300] input: Sleep Button as /devices/LNXSYSTM:00/LNXSLPBN:00/input/input1
Jun 20 14:34:53 virtualbox kernel: [    0.711302] ACPI: Sleep Button [SLPF]
Jun 20 14:34:53 virtualbox kernel: [    0.711405] GHES: HEST is not enabled!
Jun 20 14:34:53 virtualbox kernel: [    0.711841] ACPI: Battery Slot [BAT0] (battery present)
Jun 20 14:34:53 virtualbox kernel: [    0.711887] Serial: 8250/16550 driver, 32 ports, IRQ sharing enabled
Jun 20 14:34:53 virtualbox kernel: [    0.714797] Linux agpgart interface v0.103
Jun 20 14:34:53 virtualbox kernel: [    0.716707] loop: module loaded
Jun 20 14:34:53 virtualbox kernel: [    0.716792] ata_piix 0000:00:01.1: version 2.13
Jun 20 14:34:53 virtualbox kernel: [    0.717152] scsi host0: ata_piix
Jun 20 14:34:53 virtualbox kernel: [    0.717261] scsi host1: ata_piix
Jun 20 14:34:53 virtualbox kernel: [    0.717290] ata1: PATA max UDMA/33 cmd 0x1f0 ctl 0x3f6 bmdma 0xd000 irq 14
Jun 20 14:34:53 virtualbox kernel: [    0.717291] ata2: PATA max UDMA/33 cmd 0x170 ctl 0x376 bmdma 0xd008 irq 15
Jun 20 14:34:53 virtualbox kernel: [    0.717363] libphy: Fixed MDIO Bus: probed
Jun 20 14:34:53 virtualbox kernel: [    0.717364] tun: Universal TUN/TAP device driver, 1.6
Jun 20 14:34:53 virtualbox kernel: [    0.717364] tun: (C) 1999-2004 Max Krasnyansky <maxk@qualcomm.com>
Jun 20 14:34:53 virtualbox kernel: [    0.717612] PPP generic driver version 2.4.2
Jun 20 14:34:53 virtualbox kernel: [    0.717838] ehci_hcd: USB 2.0 'Enhanced' Host Controller (EHCI) Driver
Jun 20 14:34:53 virtualbox kernel: [    0.717841] ehci-pci: EHCI PCI platform driver
Jun 20 14:34:53 virtualbox kernel: [    0.718230] ehci-pci 0000:00:0b.0: EHCI Host Controller
Jun 20 14:34:53 virtualbox kernel: [    0.718235] ehci-pci 0000:00:0b.0: new USB bus registered, assigned bus number 1
Jun 20 14:34:53 virtualbox kernel: [    0.718445] ehci-pci 0000:00:0b.0: irq 19, io mem 0xf0805000
Jun 20 14:34:53 virtualbox kernel: [    0.732504] ehci-pci 0000:00:0b.0: USB 2.0 started, EHCI 1.00
Jun 20 14:34:53 virtualbox kernel: [    0.732560] usb usb1: New USB device found, idVendor=1d6b, idProduct=0002
Jun 20 14:34:53 virtualbox kernel: [    0.732561] usb usb1: New USB device strings: Mfr=3, Product=2, SerialNumber=1
Jun 20 14:34:53 virtualbox kernel: [    0.732563] usb usb1: Product: EHCI Host Controller
Jun 20 14:34:53 virtualbox kernel: [    0.732564] usb usb1: Manufacturer: Linux 4.10.0-19-generic ehci_hcd
Jun 20 14:34:53 virtualbox kernel: [    0.732565] usb usb1: SerialNumber: 0000:00:0b.0
Jun 20 14:34:53 virtualbox kernel: [    0.732794] hub 1-0:1.0: USB hub found
Jun 20 14:34:53 virtualbox kernel: [    0.732799] hub 1-0:1.0: 12 ports detected
Jun 20 14:34:53 virtualbox kernel: [    0.733027] ehci-platform: EHCI generic platform driver
Jun 20 14:34:53 virtualbox kernel: [    0.733040] ohci_hcd: USB 1.1 'Open' Host Controller (OHCI) Driver
Jun 20 14:34:53 virtualbox kernel: [    0.733044] ohci-pci: OHCI PCI platform driver
Jun 20 14:34:53 virtualbox kernel: [    0.733600] ohci-pci 0000:00:06.0: OHCI PCI host controller
Jun 20 14:34:53 virtualbox kernel: [    0.733604] ohci-pci 0000:00:06.0: new USB bus registered, assigned bus number 2
Jun 20 14:34:53 virtualbox kernel: [    0.733668] ohci-pci 0000:00:06.0: irq 22, io mem 0xf0804000
Jun 20 14:34:53 virtualbox kernel: [    0.795580] usb usb2: New USB device found, idVendor=1d6b, idProduct=0001
Jun 20 14:34:53 virtualbox kernel: [    0.795582] usb usb2: New USB device strings: Mfr=3, Product=2, SerialNumber=1
Jun 20 14:34:53 virtualbox kernel: [    0.795584] usb usb2: Product: OHCI PCI host controller
Jun 20 14:34:53 virtualbox kernel: [    0.795585] usb usb2: Manufacturer: Linux 4.10.0-19-generic ohci_hcd
Jun 20 14:34:53 virtualbox kernel: [    0.795586] usb usb2: SerialNumber: 0000:00:06.0
Jun 20 14:34:53 virtualbox kernel: [    0.795829] hub 2-0:1.0: USB hub found
Jun 20 14:34:53 virtualbox kernel: [    0.795842] hub 2-0:1.0: 12 ports detected
Jun 20 14:34:53 virtualbox kernel: [    0.796193] ohci-platform: OHCI generic platform driver
Jun 20 14:34:53 virtualbox kernel: [    0.796205] uhci_hcd: USB Universal Host Controller Interface driver
Jun 20 14:34:53 virtualbox kernel: [    0.796270] i8042: PNP: PS/2 Controller [PNP0303:PS2K,PNP0f03:PS2M] at 0x60,0x64 irq 1,12
Jun 20 14:34:53 virtualbox kernel: [    0.796738] serio: i8042 KBD port at 0x60,0x64 irq 1
Jun 20 14:34:53 virtualbox kernel: [    0.796742] serio: i8042 AUX port at 0x60,0x64 irq 12
Jun 20 14:34:53 virtualbox kernel: [    0.797053] mousedev: PS/2 mouse device common for all mice
Jun 20 14:34:53 virtualbox kernel: [    0.797388] input: AT Translated Set 2 keyboard as /devices/platform/i8042/serio0/input/input2
Jun 20 14:34:53 virtualbox kernel: [    0.797802] rtc_cmos rtc_cmos: rtc core: registered rtc_cmos as rtc0
Jun 20 14:34:53 virtualbox kernel: [    0.797859] rtc_cmos rtc_cmos: alarms up to one day, 114 bytes nvram
Jun 20 14:34:53 virtualbox kernel: [    0.797863] i2c /dev entries driver
Jun 20 14:34:53 virtualbox kernel: [    0.797907] device-mapper: uevent: version 1.0.3
Jun 20 14:34:53 virtualbox kernel: [    0.797992] device-mapper: ioctl: 4.35.0-ioctl (2016-06-23) initialised: dm-devel@redhat.com
Jun 20 14:34:53 virtualbox kernel: [    0.798067] ledtrig-cpu: registered to indicate activity on CPUs
Jun 20 14:34:53 virtualbox kernel: [    0.798549] NET: Registered protocol family 10
Jun 20 14:34:53 virtualbox kernel: [    0.801468] Segment Routing with IPv6
Jun 20 14:34:53 virtualbox kernel: [    0.801481] NET: Registered protocol family 17
Jun 20 14:34:53 virtualbox kernel: [    0.801488] Key type dns_resolver registered
Jun 20 14:34:53 virtualbox kernel: [    0.801935] registered taskstats version 1
Jun 20 14:34:53 virtualbox kernel: [    0.801943] Loading compiled-in X.509 certificates
Jun 20 14:34:53 virtualbox kernel: [    0.803721] Loaded X.509 cert 'Build time autogenerated kernel key: 8e99ee5b0fead84880b7849b477f2b92957907bc'
Jun 20 14:34:53 virtualbox kernel: [    0.803733] zswap: loaded using pool lzo/zbud
Jun 20 14:34:53 virtualbox kernel: [    0.811869] Key type big_key registered
Jun 20 14:34:53 virtualbox kernel: [    0.811871] Key type trusted registered
Jun 20 14:34:53 virtualbox kernel: [    0.813431] Key type encrypted registered
Jun 20 14:34:53 virtualbox kernel: [    0.813434] AppArmor: AppArmor sha1 policy hashing enabled
Jun 20 14:34:53 virtualbox kernel: [    0.813436] ima: No TPM chip found, activating TPM-bypass! (rc=-19)
Jun 20 14:34:53 virtualbox kernel: [    0.813452] evm: HMAC attrs: 0x1
Jun 20 14:34:53 virtualbox kernel: [    0.813664]   Magic number: 5:803:582
Jun 20 14:34:53 virtualbox kernel: [    0.813694] ohci-pci 0000:00:06.0: hash matches
Jun 20 14:34:53 virtualbox kernel: [    0.813773] rtc_cmos rtc_cmos: setting system clock to 2017-06-20 12:34:49 UTC (1497962089)
Jun 20 14:34:53 virtualbox kernel: [    0.813906] BIOS EDD facility v0.16 2004-Jun-25, 0 devices found
Jun 20 14:34:53 virtualbox kernel: [    0.813906] EDD information not available.
Jun 20 14:34:53 virtualbox kernel: [    0.813924] PM: Hibernation image not present or could not be loaded.
Jun 20 14:34:53 virtualbox kernel: [    0.876621] ata2.00: ATAPI: VBOX CD-ROM, 1.0, max UDMA/133
Jun 20 14:34:53 virtualbox kernel: [    0.876922] ata2.00: configured for UDMA/33
Jun 20 14:34:53 virtualbox kernel: [    0.877449] scsi 1:0:0:0: CD-ROM            VBOX     CD-ROM           1.0  PQ: 0 ANSI: 5
Jun 20 14:34:53 virtualbox kernel: [    0.888834] sr 1:0:0:0: [sr0] scsi3-mmc drive: 32x/32x xa/form2 tray
Jun 20 14:34:53 virtualbox kernel: [    0.888835] cdrom: Uniform CD-ROM driver Revision: 3.20
Jun 20 14:34:53 virtualbox kernel: [    0.889065] sr 1:0:0:0: Attached scsi CD-ROM sr0
Jun 20 14:34:53 virtualbox kernel: [    0.889291] sr 1:0:0:0: Attached scsi generic sg0 type 5
Jun 20 14:34:53 virtualbox kernel: [    0.890713] Freeing unused kernel memory: 2228K
Jun 20 14:34:53 virtualbox kernel: [    0.890714] Write protecting the kernel read-only data: 14336k
Jun 20 14:34:53 virtualbox kernel: [    0.891051] Freeing unused kernel memory: 1164K
Jun 20 14:34:53 virtualbox kernel: [    0.891527] Freeing unused kernel memory: 280K
Jun 20 14:34:53 virtualbox kernel: [    0.895942] x86/mm: Checked W+X mappings: passed, no W+X pages found.
Jun 20 14:34:53 virtualbox kernel: [    0.903523] random: systemd-udevd: uninitialized urandom read (16 bytes read)
Jun 20 14:34:53 virtualbox kernel: [    0.903575] random: systemd-udevd: uninitialized urandom read (16 bytes read)
Jun 20 14:34:53 virtualbox kernel: [    0.903582] random: systemd-udevd: uninitialized urandom read (16 bytes read)
Jun 20 14:34:53 virtualbox kernel: [    0.905184] random: udevadm: uninitialized urandom read (16 bytes read)
Jun 20 14:34:53 virtualbox kernel: [    0.905208] random: udevadm: uninitialized urandom read (16 bytes read)
Jun 20 14:34:53 virtualbox kernel: [    0.905659] random: udevadm: uninitialized urandom read (16 bytes read)
Jun 20 14:34:53 virtualbox kernel: [    0.905701] random: udevadm: uninitialized urandom read (16 bytes read)
Jun 20 14:34:53 virtualbox kernel: [    0.905712] random: udevadm: uninitialized urandom read (16 bytes read)
Jun 20 14:34:53 virtualbox kernel: [    0.905875] random: udevadm: uninitialized urandom read (16 bytes read)
Jun 20 14:34:53 virtualbox kernel: [    0.905904] random: udevadm: uninitialized urandom read (16 bytes read)
Jun 20 14:34:53 virtualbox kernel: [    0.918483] ACPI: Video Device [GFX0] (multi-head: yes  rom: no  post: no)
Jun 20 14:34:53 virtualbox kernel: [    0.918539] input: Video Bus as /devices/LNXSYSTM:00/LNXSYBUS:00/PNP0A03:00/LNXVIDEO:00/input/input4
Jun 20 14:34:53 virtualbox kernel: [    0.921858] FUJITSU Extended Socket Network Device Driver - version 1.2 - Copyright (c) 2015 FUJITSU LIMITED
Jun 20 14:34:53 virtualbox kernel: [    0.925286] e1000: Intel(R) PRO/1000 Network Driver - version 7.3.21-k8-NAPI
Jun 20 14:34:53 virtualbox kernel: [    0.925287] e1000: Copyright (c) 1999-2006 Intel Corporation.
Jun 20 14:34:53 virtualbox kernel: [    1.137609] input: ImExPS/2 Generic Explorer Mouse as /devices/platform/i8042/serio1/input/input5
Jun 20 14:34:53 virtualbox kernel: [    1.240354] usb 2-1: new full-speed USB device number 2 using ohci-pci
Jun 20 14:34:53 virtualbox kernel: [    1.270855] e1000 0000:00:03.0 eth0: (PCI:33MHz:32-bit) 08:00:27:4a:ca:0f
Jun 20 14:34:53 virtualbox kernel: [    1.270860] e1000 0000:00:03.0 eth0: Intel(R) PRO/1000 Network Connection
Jun 20 14:34:53 virtualbox kernel: [    1.270884] ahci 0000:00:0d.0: version 3.0
Jun 20 14:34:53 virtualbox kernel: [    1.271311] ahci 0000:00:0d.0: SSS flag set, parallel bus scan disabled
Jun 20 14:34:53 virtualbox kernel: [    1.271499] ahci 0000:00:0d.0: AHCI 0001.0100 32 slots 1 ports 3 Gbps 0x1 impl SATA mode
Jun 20 14:34:53 virtualbox kernel: [    1.271500] ahci 0000:00:0d.0: flags: 64bit ncq stag only ccc 
Jun 20 14:34:53 virtualbox kernel: [    1.272386] e1000 0000:00:03.0 enp0s3: renamed from eth0
Jun 20 14:34:53 virtualbox kernel: [    1.272641] scsi host2: ahci
Jun 20 14:34:53 virtualbox kernel: [    1.272701] ata3: SATA max UDMA/133 abar m8192@0xf0806000 port 0xf0806100 irq 21
Jun 20 14:34:53 virtualbox kernel: [    1.545466] usb 2-1: New USB device found, idVendor=80ee, idProduct=0021
Jun 20 14:34:53 virtualbox kernel: [    1.545467] usb 2-1: New USB device strings: Mfr=1, Product=3, SerialNumber=0
Jun 20 14:34:53 virtualbox kernel: [    1.545469] usb 2-1: Product: USB Tablet
Jun 20 14:34:53 virtualbox kernel: [    1.545470] usb 2-1: Manufacturer: VirtualBox
Jun 20 14:34:53 virtualbox kernel: [    1.551348] hidraw: raw HID events driver (C) Jiri Kosina
Jun 20 14:34:53 virtualbox kernel: [    1.560945] usbcore: registered new interface driver usbhid
Jun 20 14:34:53 virtualbox kernel: [    1.560946] usbhid: USB HID core driver
Jun 20 14:34:53 virtualbox kernel: [    1.561531] random: fast init done
Jun 20 14:34:53 virtualbox kernel: [    1.566170] input: VirtualBox USB Tablet as /devices/pci0000:00/0000:00:06.0/usb2/2-1/2-1:1.0/0003:80EE:0021.0001/input/input6
Jun 20 14:34:53 virtualbox kernel: [    1.566374] hid-generic 0003:80EE:0021.0001: input,hidraw0: USB HID v1.10 Mouse [VirtualBox USB Tablet] on usb-0000:00:06.0-1/input0
Jun 20 14:34:53 virtualbox kernel: [    1.585532] ata3: SATA link up 3.0 Gbps (SStatus 123 SControl 300)
Jun 20 14:34:53 virtualbox kernel: [    1.585645] ata3.00: ATA-8: VBOX HARDDISK, 1.0, max UDMA/133
Jun 20 14:34:53 virtualbox kernel: [    1.585647] ata3.00: 31457280 sectors, multi 128: LBA48 NCQ (depth 31/32)
Jun 20 14:34:53 virtualbox kernel: [    1.585841] ata3.00: configured for UDMA/133
Jun 20 14:34:53 virtualbox kernel: [    1.586086] scsi 2:0:0:0: Direct-Access     ATA      VBOX HARDDISK    1.0  PQ: 0 ANSI: 5
Jun 20 14:34:53 virtualbox kernel: [    1.616747] sd 2:0:0:0: [sda] 31457280 512-byte logical blocks: (16.1 GB/15.0 GiB)
Jun 20 14:34:53 virtualbox kernel: [    1.616754] sd 2:0:0:0: [sda] Write Protect is off
Jun 20 14:34:53 virtualbox kernel: [    1.616755] sd 2:0:0:0: [sda] Mode Sense: 00 3a 00 00
Jun 20 14:34:53 virtualbox kernel: [    1.616764] sd 2:0:0:0: [sda] Write cache: enabled, read cache: enabled, doesn't support DPO or FUA
Jun 20 14:34:53 virtualbox kernel: [    1.616767] sd 2:0:0:0: Attached scsi generic sg1 type 0
Jun 20 14:34:53 virtualbox kernel: [    1.617239]  sda: sda1
Jun 20 14:34:53 virtualbox kernel: [    1.617497] sd 2:0:0:0: [sda] Attached SCSI disk
Jun 20 14:34:53 virtualbox kernel: [    1.732378] tsc: Refined TSC clocksource calibration: 2592.877 MHz
Jun 20 14:34:53 virtualbox kernel: [    1.732398] clocksource: tsc: mask: 0xffffffffffffffff max_cycles: 0x255ff33b2a1, max_idle_ns: 440795232467 ns
Jun 20 14:34:53 virtualbox kernel: [    4.196463] floppy0: no floppy controllers found
Jun 20 14:34:53 virtualbox kernel: [    4.262765] EXT4-fs (sda1): mounted filesystem with ordered data mode. Opts: (null)
Jun 20 14:34:53 virtualbox kernel: [    4.335644] ip_tables: (C) 2000-2006 Netfilter Core Team
Jun 20 14:34:53 virtualbox kernel: [    4.429101] lp: driver loaded but no devices found
Jun 20 14:34:53 virtualbox kernel: [    4.441153] ppdev: user-space parallel port driver
Jun 20 14:34:53 virtualbox kernel: [    4.477929] EXT4-fs (sda1): re-mounted. Opts: errors=remount-ro
Jun 20 14:34:53 virtualbox kernel: [    4.519860] Adding 728520k swap on /swapfile.  Priority:-1 extents:3 across:744904k SSFS
Jun 20 14:34:53 virtualbox kernel: [    4.675872] audit: type=1400 audit(1497962093.356:2): apparmor="STATUS" operation="profile_load" profile="unconfined" name="content-hub-peer-picker" pid=394 comm="apparmor_parser"
Jun 20 14:34:53 virtualbox kernel: [    4.676354] audit: type=1400 audit(1497962093.356:3): apparmor="STATUS" operation="profile_load" profile="unconfined" name="content-hub-clipboard" pid=393 comm="apparmor_parser"
Jun 20 14:34:53 virtualbox kernel: [    4.679965] piix4_smbus 0000:00:07.0: SMBus base address uninitialized - upgrade BIOS or use force_addr=0xaddr
Jun 20 14:34:53 virtualbox kernel: [    4.683493] audit: type=1400 audit(1497962093.364:4): apparmor="STATUS" operation="profile_load" profile="unconfined" name="/usr/lib/lightdm/lightdm-guest-session" pid=395 comm="apparmor_parser"
Jun 20 14:34:53 virtualbox kernel: [    4.683495] audit: type=1400 audit(1497962093.364:5): apparmor="STATUS" operation="profile_load" profile="unconfined" name="/usr/lib/lightdm/lightdm-guest-session//chromium" pid=395 comm="apparmor_parser"
Jun 20 14:34:53 virtualbox kernel: [    4.685574] audit: type=1400 audit(1497962093.368:6): apparmor="STATUS" operation="profile_load" profile="unconfined" name="/sbin/dhclient" pid=396 comm="apparmor_parser"
Jun 20 14:34:53 virtualbox kernel: [    4.685576] audit: type=1400 audit(1497962093.368:7): apparmor="STATUS" operation="profile_load" profile="unconfined" name="/usr/lib/NetworkManager/nm-dhcp-client.action" pid=396 comm="apparmor_parser"
Jun 20 14:34:53 virtualbox kernel: [    4.685578] audit: type=1400 audit(1497962093.368:8): apparmor="STATUS" operation="profile_load" profile="unconfined" name="/usr/lib/NetworkManager/nm-dhcp-helper" pid=396 comm="apparmor_parser"
Jun 20 14:34:53 virtualbox kernel: [    4.685579] audit: type=1400 audit(1497962093.368:9): apparmor="STATUS" operation="profile_load" profile="unconfined" name="/usr/lib/connman/scripts/dhclient-script" pid=396 comm="apparmor_parser"
Jun 20 14:34:53 virtualbox kernel: [    4.686924] audit: type=1400 audit(1497962093.368:10): apparmor="STATUS" operation="profile_load" profile="unconfined" name="url-dispatcher-bad-url-helper" pid=398 comm="apparmor_parser"
Jun 20 14:34:53 virtualbox kernel: [    4.725289] vgdrvHeartbeatInit: Setting up heartbeat to trigger every 2000 milliseconds
Jun 20 14:34:53 virtualbox kernel: [    4.747704] input: Unspecified device as /devices/pci0000:00/0000:00:04.0/input/input7
Jun 20 14:34:53 virtualbox kernel: [    4.757511] vboxguest: misc device minor 55, IRQ 20, I/O port d020, MMIO at 00000000f0400000 (size 0x400000)
Jun 20 14:34:53 virtualbox kernel: [    4.757541] vboxguest: Successfully loaded version 5.1.16_Ubuntu (interface 0x00010004)
Jun 20 14:34:53 virtualbox systemd[1]: Started CUPS Scheduler.
Jun 20 14:34:53 virtualbox rsyslogd-2039: Could not open output pipe '/dev/xconsole':: No such file or directory [v8.16.0 try http://www.rsyslog.com/e/2039 ]
Jun 20 14:34:53 virtualbox rsyslogd-2007: action 'action 11' suspended, next retry is Tue Jun 20 14:35:23 2017 [v8.16.0 try http://www.rsyslog.com/e/2007 ]
Jun 20 14:34:53 virtualbox gpu-manager[432]: /etc/modprobe.d is not a file
Jun 20 14:34:53 virtualbox kernel: [    4.782259] [drm] Initialized
Jun 20 14:34:53 virtualbox gpu-manager[432]: Error: can't open /lib/modules/4.10.0-19-generic/updates/dkms
Jun 20 14:34:53 virtualbox gpu-manager[432]: Error: can't open /lib/modules/4.10.0-19-generic/updates/dkms
Jun 20 14:34:53 virtualbox systemd[1]: Starting Thermal Daemon Service...
Jun 20 14:34:53 virtualbox cron[453]: (CRON) INFO (pidfile fd = 3)
Jun 20 14:34:53 virtualbox cron[453]: (CRON) INFO (Running @reboot jobs)
Jun 20 14:34:53 virtualbox systemd[1]: Starting LSB: Speech Dispatcher...
Jun 20 14:34:53 virtualbox systemd[1]: Started crash report submission daemon.
Jun 20 14:34:53 virtualbox systemd[1]: Started Snappy daemon.
Jun 20 14:34:53 virtualbox systemd[1]: Starting Auto import assertions from block devices...
Jun 20 14:34:53 virtualbox gpu-manager[432]: update-alternatives: error: no alternatives for x86_64-linux-gnu_gfxcore_conf
Jun 20 14:34:53 virtualbox systemd[1]: Started D-Bus System Message Bus.
Jun 20 14:34:53 virtualbox kernel: [    4.837469] [drm] VRAM 08000000
Jun 20 14:34:53 virtualbox kernel: [    4.837957] [TTM] Zone  kernel: Available graphics memory: 506816 kiB
Jun 20 14:34:53 virtualbox kernel: [    4.837958] [TTM] Initializing pool allocator
Jun 20 14:34:53 virtualbox kernel: [    4.837961] [TTM] Initializing DMA pool allocator
Jun 20 14:34:53 virtualbox kernel: [    4.838598] fbcon: vboxdrmfb (fb0) is primary device
Jun 20 14:34:53 virtualbox kernel: [    4.855406] Console: switching to colour frame buffer device 100x37
Jun 20 14:34:53 virtualbox kernel: [    4.857134] vboxvideo 0000:00:02.0: fb0: vboxdrmfb frame buffer device
Jun 20 14:34:53 virtualbox kernel: [    4.873036] [drm] Initialized vboxvideo 1.0.0 20130823 for 0000:00:02.0 on minor 0
Jun 20 14:34:53 virtualbox whoopsie[492]: [14:34:53] Using lock path: /var/lock/whoopsie/lock
Jun 20 14:34:53 virtualbox kernel: [    4.890135] RAPL PMU: API unit is 2^-32 Joules, 4 fixed counters, 10737418240 ms ovfl timer
Jun 20 14:34:53 virtualbox kernel: [    4.890136] RAPL PMU: hw unit of domain pp0-core 2^-0 Joules
Jun 20 14:34:53 virtualbox kernel: [    4.890136] RAPL PMU: hw unit of domain package 2^-0 Joules
Jun 20 14:34:53 virtualbox kernel: [    4.890136] RAPL PMU: hw unit of domain dram 2^-0 Joules
Jun 20 14:34:53 virtualbox kernel: [    4.890137] RAPL PMU: hw unit of domain pp1-gpu 2^-0 Joules
Jun 20 14:34:53 virtualbox dbus-daemon[498]: Unknown group "power" in message bus configuration file
Jun 20 14:34:53 virtualbox snap[496]: auto-import is disabled on classic
Jun 20 14:34:53 virtualbox kernel: [    4.932822] AVX version of gcm_enc/dec engaged.
Jun 20 14:34:53 virtualbox kernel: [    4.932823] AES CTR mode by8 optimization enabled
Jun 20 14:34:53 virtualbox dbus[498]: [system] AppArmor D-Bus mediation is enabled
Jun 20 14:34:53 virtualbox thermald[479]: NO RAPL sysfs present
Jun 20 14:34:53 virtualbox thermald[479]: 13 CPUID levels; family:model:stepping 0x6:3c:3 (6:60:3)
Jun 20 14:34:53 virtualbox thermald[479]: Polling mode is enabled: 4
Jun 20 14:34:53 virtualbox thermald[479]: Thermal DTS: No coretemp sysfs found
Jun 20 14:34:53 virtualbox dbus[498]: [system] Activating systemd to hand-off: service name='org.freedesktop.PolicyKit1' unit='polkit.service'
Jun 20 14:34:53 virtualbox thermald[479]: Thermal DTS or hwmon: No Zones present Need to configure manually
Jun 20 14:34:53 virtualbox thermald[479]: No thermal sensors found
Jun 20 14:34:53 virtualbox thermald[479]: THD engine start failed
Jun 20 14:34:53 virtualbox dbus[498]: [system] Successfully activated service 'org.freedesktop.systemd1'
Jun 20 14:34:53 virtualbox systemd[1]: Starting Network Manager...
Jun 20 14:34:53 virtualbox avahi-daemon[562]: Found user 'avahi' (UID 118) and group 'avahi' (GID 125).
Jun 20 14:34:53 virtualbox systemd[1]: Started ACPI event daemon.
Jun 20 14:34:53 virtualbox whoopsie[492]: [14:34:53] Could not get the Network Manager state:
Jun 20 14:34:53 virtualbox whoopsie[492]: [14:34:53] GDBus.Error:org.freedesktop.DBus.Error.ServiceUnknown: The name org.freedesktop.NetworkManager was not provided by any .service files
Jun 20 14:34:53 virtualbox avahi-daemon[562]: Successfully dropped root privileges.
Jun 20 14:34:53 virtualbox systemd[1]: Starting Avahi mDNS/DNS-SD Stack...
Jun 20 14:34:53 virtualbox avahi-daemon[562]: avahi-daemon 0.6.32 starting up.
Jun 20 14:34:53 virtualbox systemd[1]: Starting LSB: Record successful boot for GRUB...
Jun 20 14:34:53 virtualbox /usr/lib/snapd/snapd[495]: snapmgr.go:373: DEBUG: snapmgr refresh randomness 2h37m14.591834071s
Jun 20 14:34:53 virtualbox systemd[1]: Started System Logging Service.
Jun 20 14:34:53 virtualbox snapd[495]: 2017/06/20 14:34:53.647440 daemon.go:251: started snapd/2.23.6+17.04.1 (series 16; classic) ubuntu/17.04 (amd64) linux/4.10.0-19-generic.
Jun 20 14:34:53 virtualbox avahi-daemon[562]: Successfully called chroot().
Jun 20 14:34:53 virtualbox avahi-daemon[562]: Successfully dropped remaining capabilities.
Jun 20 14:34:53 virtualbox avahi-daemon[562]: No service file found in /etc/avahi/services.
Jun 20 14:34:53 virtualbox avahi-daemon[562]: Network interface enumeration completed.
Jun 20 14:34:53 virtualbox avahi-daemon[562]: Server startup complete. Host name is virtualbox.local. Local service cookie is 1815392474.
Jun 20 14:34:53 virtualbox /usr/lib/snapd/snapd[495]: daemon.go:250: DEBUG: init done in 680.259s
Jun 20 14:34:53 virtualbox /usr/lib/snapd/snapd[495]: daemon.go:251: started snapd/2.23.6+17.04.1 (series 16; classic) ubuntu/17.04 (amd64) linux/4.10.0-19-generic.
Jun 20 14:34:53 virtualbox systemd[1]: Started Detect the available GPUs and deal with any system changes.
Jun 20 14:34:53 virtualbox systemd[1]: Started Restore /etc/resolv.conf if the system crashed before the ppp link was shut down.
Jun 20 14:34:53 virtualbox systemd[1]: Started Thermal Daemon Service.
Jun 20 14:34:53 virtualbox systemd[1]: Started Auto import assertions from block devices.
Jun 20 14:34:53 virtualbox /usr/lib/snapd/snapd[495]: taskrunner.go:353: DEBUG: Running task 1 on Do: Mark system seeded
Jun 20 14:34:53 virtualbox irqbalance[434]:  * Starting SMP IRQ Balancer: irqbalance
Jun 20 14:34:53 virtualbox apport[447]:  * Starting automatic crash report generation: apport
Jun 20 14:34:53 virtualbox apport[447]:    ...done.
Jun 20 14:34:53 virtualbox speech-dispatcher[491]:  * speech-dispatcher disabled; edit /etc/default/speech-dispatcher
Jun 20 14:34:53 virtualbox systemd[1]: Started LSB: automatic crash report generation.
Jun 20 14:34:53 virtualbox grub-common[563]:  * Recording successful boot for GRUB
Jun 20 14:34:53 virtualbox irqbalance[434]:    ...done.
Jun 20 14:34:53 virtualbox systemd[1]: Started LSB: daemon to balance interrupts for SMP systems.
Jun 20 14:34:53 virtualbox grub-common[563]:    ...done.
Jun 20 14:34:53 virtualbox systemd[1]: Started LSB: Speech Dispatcher.
Jun 20 14:34:53 virtualbox systemd[1]: Started LSB: Record successful boot for GRUB.
Jun 20 14:34:53 virtualbox dbus[498]: [system] Activating via systemd: service name='org.freedesktop.login1' unit='dbus-org.freedesktop.login1.service'
Jun 20 14:34:53 virtualbox dbus[498]: [system] Successfully activated service 'org.freedesktop.login1'
Jun 20 14:34:53 virtualbox systemd[1]: Started Avahi mDNS/DNS-SD Stack.
Jun 20 14:34:53 virtualbox NetworkManager[560]: <info>  [1497962093.7166] NetworkManager (version 1.4.4) is starting...
Jun 20 14:34:53 virtualbox NetworkManager[560]: <info>  [1497962093.7187] Read config: /etc/NetworkManager/NetworkManager.conf (lib: 10-dns-resolved.conf) (run: 10-globally-managed-devices.conf) (etc: default-wifi-powersave-on.conf)
Jun 20 14:34:53 virtualbox systemd[1]: Started Login Service.
Jun 20 14:34:53 virtualbox systemd[1]: Starting Authorization Manager...
Jun 20 14:34:53 virtualbox systemd[1]: Started Make remote CUPS printers available locally.
Jun 20 14:34:53 virtualbox NetworkManager[560]: <info>  [1497962093.7301] manager[0x5601d6981040]: monitoring kernel firmware directory '/lib/firmware'.
Jun 20 14:34:53 virtualbox NetworkManager[560]: <info>  [1497962093.7301] monitoring ifupdown state file '/run/network/ifstate'.
Jun 20 14:34:53 virtualbox systemd[1]: Reloading.
Jun 20 14:34:53 virtualbox NetworkManager[560]: <info>  [1497962093.7438] dns-mgr[0x5601d697a020]: init: dns=systemd-resolved, rc-manager=symlink, plugin=systemd-resolved
Jun 20 14:34:53 virtualbox polkitd[644]: started daemon version 0.105 using authority implementation `local' version `0.105'
Jun 20 14:34:53 virtualbox dbus[498]: [system] Activating via systemd: service name='org.freedesktop.UPower' unit='upower.service'
Jun 20 14:34:53 virtualbox dbus[498]: [system] Activating via systemd: service name='org.freedesktop.resolve1' unit='dbus-org.freedesktop.resolve1.service'
Jun 20 14:34:53 virtualbox dbus[498]: [system] Successfully activated service 'org.freedesktop.PolicyKit1'
Jun 20 14:34:53 virtualbox dbus[498]: [system] Activating via systemd: service name='org.freedesktop.nm_dispatcher' unit='dbus-org.freedesktop.nm-dispatcher.service'
Jun 20 14:34:53 virtualbox accounts-daemon[464]: started daemon version 0.6.42
Jun 20 14:34:53 virtualbox acpid: starting up with netlink and the input layer
Jun 20 14:34:53 virtualbox acpid: 9 rules loaded
Jun 20 14:34:53 virtualbox acpid: waiting for events: event logging is off
Jun 20 14:34:53 virtualbox systemd[1]: snapd.refresh.timer: Adding 1h 17min 29.055879s random time.
Jun 20 14:34:53 virtualbox systemd[1]: snapd.refresh.timer: Adding 1h 59min 54.852456s random time.
Jun 20 14:34:53 virtualbox systemd[1]: apt-daily.timer: Adding 40min 47.253344s random time.
Jun 20 14:34:53 virtualbox systemd[1]: motd-news.timer: Adding 7min 31.509055s random time.
Jun 20 14:34:53 virtualbox systemd[1]: Started Modem Manager.
Jun 20 14:34:53 virtualbox systemd[1]: Started monitor and control system power state.
Jun 20 14:34:53 virtualbox systemd[1]: Started Accounts Service.
Jun 20 14:34:53 virtualbox systemd[1]: Started Authorization Manager.
Jun 20 14:34:53 virtualbox systemd[1]: Started Network Manager.
Jun 20 14:34:53 virtualbox systemd[1]: Starting Network Manager Script Dispatcher Service...
Jun 20 14:34:53 virtualbox systemd[1]: Starting Daemon for power management...
Jun 20 14:34:53 virtualbox dbus[498]: [system] Successfully activated service 'org.freedesktop.nm_dispatcher'
Jun 20 14:34:53 virtualbox NetworkManager[560]: <info>  [1497962093.8600] init!
Jun 20 14:34:53 virtualbox NetworkManager[560]: <info>  [1497962093.8602] management mode: unmanaged
Jun 20 14:34:53 virtualbox NetworkManager[560]: <info>  [1497962093.8605] devices added (path: /sys/devices/pci0000:00/0000:00:03.0/net/enp0s3, iface: enp0s3)
Jun 20 14:34:53 virtualbox NetworkManager[560]: <info>  [1497962093.8605] device added (path: /sys/devices/pci0000:00/0000:00:03.0/net/enp0s3, iface: enp0s3): no ifupdown configuration found.
Jun 20 14:34:53 virtualbox NetworkManager[560]: <info>  [1497962093.8605] devices added (path: /sys/devices/virtual/net/lo, iface: lo)
Jun 20 14:34:53 virtualbox NetworkManager[560]: <info>  [1497962093.8605] device added (path: /sys/devices/virtual/net/lo, iface: lo): no ifupdown configuration found.
Jun 20 14:34:53 virtualbox NetworkManager[560]: <info>  [1497962093.8605] end _init.
Jun 20 14:34:53 virtualbox NetworkManager[560]: <info>  [1497962093.8605] settings: loaded plugin ifupdown: (C) 2008 Canonical Ltd.  To report bugs please use the NetworkManager mailing list. (/usr/lib/x86_64-linux-gnu/NetworkManager/libnm-settings-plugin-ifupdown.so)
Jun 20 14:34:53 virtualbox NetworkManager[560]: <info>  [1497962093.8606] settings: loaded plugin keyfile: (c) 2007 - 2015 Red Hat, Inc.  To report bugs please use the NetworkManager mailing list.
Jun 20 14:34:53 virtualbox NetworkManager[560]: <info>  [1497962093.8606] (-694577024) ... get_connections.
Jun 20 14:34:53 virtualbox NetworkManager[560]: <info>  [1497962093.8606] (-694577024) ... get_connections (managed=false): return empty list.
Jun 20 14:34:53 virtualbox NetworkManager[560]: <info>  [1497962093.8627] get unmanaged devices count: 0
Jun 20 14:34:53 virtualbox systemd[1]: Started Network Manager Script Dispatcher Service.
Jun 20 14:34:53 virtualbox dbus[498]: [system] Activating via systemd: service name='org.freedesktop.hostname1' unit='dbus-org.freedesktop.hostname1.service'
Jun 20 14:34:53 virtualbox systemd[1]: Starting Hostname Service...
Jun 20 14:34:53 virtualbox systemd[1]: Listening on Load/Save RF Kill Switch Status /dev/rfkill Watch.
Jun 20 14:34:53 virtualbox systemd[1]: Reloading.
Jun 20 14:34:53 virtualbox dbus[498]: [system] Successfully activated service 'org.freedesktop.UPower'
Jun 20 14:34:53 virtualbox dbus[498]: [system] Successfully activated service 'org.freedesktop.hostname1'
Jun 20 14:34:53 virtualbox NetworkManager[560]: <info>  [1497962093.9479] settings: hostname: using hostnamed
Jun 20 14:34:53 virtualbox nm-dispatcher: req:1 'hostname': new request (1 scripts)
Jun 20 14:34:53 virtualbox NetworkManager[560]: <info>  [1497962093.9479] settings: hostname changed from (none) to "virtualbox"
Jun 20 14:34:53 virtualbox nm-dispatcher: req:1 'hostname': start running ordered scripts...
Jun 20 14:34:53 virtualbox NetworkManager[560]: <info>  [1497962093.9482] dhcp-init: Using DHCP client 'dhclient'
Jun 20 14:34:53 virtualbox NetworkManager[560]: <info>  [1497962093.9482] manager: WiFi enabled by radio killswitch; enabled by state file
Jun 20 14:34:53 virtualbox NetworkManager[560]: <info>  [1497962093.9482] manager: WWAN enabled by radio killswitch; enabled by state file
Jun 20 14:34:53 virtualbox NetworkManager[560]: <info>  [1497962093.9482] manager: Networking is enabled by state file
Jun 20 14:34:53 virtualbox NetworkManager[560]: <info>  [1497962093.9482] Loaded device plugin: NMVxlanFactory (internal)
Jun 20 14:34:53 virtualbox NetworkManager[560]: <info>  [1497962093.9483] Loaded device plugin: NMVlanFactory (internal)
Jun 20 14:34:53 virtualbox NetworkManager[560]: <info>  [1497962093.9483] Loaded device plugin: NMVethFactory (internal)
Jun 20 14:34:53 virtualbox NetworkManager[560]: <info>  [1497962093.9483] Loaded device plugin: NMTunFactory (internal)
Jun 20 14:34:53 virtualbox NetworkManager[560]: <info>  [1497962093.9483] Loaded device plugin: NMMacvlanFactory (internal)
Jun 20 14:34:53 virtualbox NetworkManager[560]: <info>  [1497962093.9483] Loaded device plugin: NMIPTunnelFactory (internal)
Jun 20 14:34:53 virtualbox NetworkManager[560]: <info>  [1497962093.9483] Loaded device plugin: NMInfinibandFactory (internal)
Jun 20 14:34:53 virtualbox NetworkManager[560]: <info>  [1497962093.9483] Loaded device plugin: NMEthernetFactory (internal)
Jun 20 14:34:53 virtualbox NetworkManager[560]: <info>  [1497962093.9483] Loaded device plugin: NMBridgeFactory (internal)
Jun 20 14:34:53 virtualbox NetworkManager[560]: <info>  [1497962093.9483] Loaded device plugin: NMBondFactory (internal)
Jun 20 14:34:53 virtualbox NetworkManager[560]: <info>  [1497962093.9529] Loaded device plugin: NMBluezManager (/usr/lib/x86_64-linux-gnu/NetworkManager/libnm-device-plugin-bluetooth.so)
Jun 20 14:34:53 virtualbox NetworkManager[560]: <info>  [1497962093.9535] Loaded device plugin: NMWifiFactory (/usr/lib/x86_64-linux-gnu/NetworkManager/libnm-device-plugin-wifi.so)
Jun 20 14:34:53 virtualbox NetworkManager[560]: <info>  [1497962093.9540] Loaded device plugin: NMWwanFactory (/usr/lib/x86_64-linux-gnu/NetworkManager/libnm-device-plugin-wwan.so)
Jun 20 14:34:53 virtualbox NetworkManager[560]: <info>  [1497962093.9549] Loaded device plugin: NMAtmManager (/usr/lib/x86_64-linux-gnu/NetworkManager/libnm-device-plugin-adsl.so)
Jun 20 14:34:53 virtualbox NetworkManager[560]: ((devices/nm-device.c:970)): assertion '<dropped>' failed
Jun 20 14:34:53 virtualbox NetworkManager[560]: <info>  [1497962093.9559] device (lo): link connected
Jun 20 14:34:53 virtualbox NetworkManager[560]: <info>  [1497962093.9564] manager: (lo): new Generic device (/org/freedesktop/NetworkManager/Devices/0)
Jun 20 14:34:53 virtualbox NetworkManager[560]: <info>  [1497962093.9584] manager: (enp0s3): new Ethernet device (/org/freedesktop/NetworkManager/Devices/1)
Jun 20 14:34:53 virtualbox NetworkManager[560]: <info>  [1497962093.9599] keyfile: add connection in-memory (0c8dec55-f817-3414-b76e-f96dbb7aaf55,"Wired connection 1")
Jun 20 14:34:53 virtualbox NetworkManager[560]: <info>  [1497962093.9602] settings: (enp0s3): created default wired connection 'Wired connection 1'
Jun 20 14:34:53 virtualbox NetworkManager[560]: <info>  [1497962093.9608] device (enp0s3): state change: unmanaged -> unavailable (reason 'managed') [10 20 2]
Jun 20 14:34:53 virtualbox kernel: [    5.274752] IPv6: ADDRCONF(NETDEV_UP): enp0s3: link is not ready
Jun 20 14:34:53 virtualbox kernel: [    5.276190] IPv6: ADDRCONF(NETDEV_UP): enp0s3: link is not ready
Jun 20 14:34:53 virtualbox systemd[1]: snapd.refresh.timer: Adding 1h 8min 28.796067s random time.
Jun 20 14:34:53 virtualbox systemd[1]: snapd.refresh.timer: Adding 5h 19min 41.606271s random time.
Jun 20 14:34:53 virtualbox systemd[1]: apt-daily.timer: Adding 3h 50min 20.947497s random time.
Jun 20 14:34:53 virtualbox systemd[1]: motd-news.timer: Adding 11min 49.809973s random time.
Jun 20 14:34:53 virtualbox NetworkManager[560]: <info>  [1497962093.9671] devices added (path: /sys/devices/virtual/net/lo, iface: lo)
Jun 20 14:34:53 virtualbox NetworkManager[560]: <info>  [1497962093.9671] device added (path: /sys/devices/virtual/net/lo, iface: lo): no ifupdown configuration found.
Jun 20 14:34:53 virtualbox NetworkManager[560]: <info>  [1497962093.9723] device (enp0s3): link connected
Jun 20 14:34:53 virtualbox NetworkManager[560]: <info>  [1497962093.9725] device (enp0s3): state change: unavailable -> disconnected (reason 'carrier-changed') [20 30 40]
Jun 20 14:34:53 virtualbox NetworkManager[560]: <info>  [1497962093.9738] policy: auto-activating connection 'Wired connection 1'
Jun 20 14:34:53 virtualbox kernel: [    5.284922] e1000: enp0s3 NIC Link is Up 1000 Mbps Full Duplex, Flow Control: RX
Jun 20 14:34:53 virtualbox kernel: [    5.285216] IPv6: ADDRCONF(NETDEV_CHANGE): enp0s3: link becomes ready
Jun 20 14:34:53 virtualbox NetworkManager[560]: <info>  [1497962093.9745] device (enp0s3): Activation: starting connection 'Wired connection 1' (0c8dec55-f817-3414-b76e-f96dbb7aaf55)
Jun 20 14:34:53 virtualbox NetworkManager[560]: <info>  [1497962093.9746] device (enp0s3): state change: disconnected -> prepare (reason 'none') [30 40 0]
Jun 20 14:34:53 virtualbox NetworkManager[560]: <info>  [1497962093.9747] manager: NetworkManager state is now CONNECTING
Jun 20 14:34:53 virtualbox NetworkManager[560]: <info>  [1497962093.9749] device (enp0s3): state change: prepare -> config (reason 'none') [40 50 0]
Jun 20 14:34:53 virtualbox NetworkManager[560]: <info>  [1497962093.9756] device (enp0s3): state change: config -> ip-config (reason 'none') [50 70 0]
Jun 20 14:34:53 virtualbox NetworkManager[560]: <info>  [1497962093.9762] dhcp4 (enp0s3): activation: beginning transaction (timeout in 45 seconds)
Jun 20 14:34:53 virtualbox NetworkManager[560]: <info>  [1497962093.9805] dhcp4 (enp0s3): dhclient started with pid 820
Jun 20 14:34:53 virtualbox NetworkManager[560]: <info>  [1497962093.9832] urfkill disappeared from the bus
Jun 20 14:34:53 virtualbox systemd[1]: Started Hostname Service.
Jun 20 14:34:53 virtualbox systemd[1]: Started Daemon for power management.
Jun 20 14:34:53 virtualbox whoopsie[492]: [14:34:53] offline
Jun 20 14:34:54 virtualbox NetworkManager[560]: <info>  [1497962094.0025] ModemManager available in the bus
Jun 20 14:34:54 virtualbox dhclient[820]: DHCPDISCOVER on enp0s3 to 255.255.255.255 port 67 interval 3 (xid=0x88c4fe1b)
Jun 20 14:34:54 virtualbox dhclient[820]: DHCPREQUEST of 10.0.2.15 on enp0s3 to 255.255.255.255 port 67 (xid=0x1bfec488)
Jun 20 14:34:54 virtualbox dhclient[820]: DHCPOFFER of 10.0.2.15 from 10.0.2.2
Jun 20 14:34:54 virtualbox dhclient[820]: DHCPACK of 10.0.2.15 from 10.0.2.2
Jun 20 14:34:54 virtualbox NetworkManager[560]: <info>  [1497962094.0221] dhcp4 (enp0s3):   address 10.0.2.15
Jun 20 14:34:54 virtualbox NetworkManager[560]: <info>  [1497962094.0221] dhcp4 (enp0s3):   plen 24 (255.255.255.0)
Jun 20 14:34:54 virtualbox NetworkManager[560]: <info>  [1497962094.0221] dhcp4 (enp0s3):   gateway 10.0.2.2
Jun 20 14:34:54 virtualbox NetworkManager[560]: <info>  [1497962094.0221] dhcp4 (enp0s3):   server identifier 10.0.2.2
Jun 20 14:34:54 virtualbox NetworkManager[560]: <info>  [1497962094.0221] dhcp4 (enp0s3):   lease time 86400
Jun 20 14:34:54 virtualbox NetworkManager[560]: <info>  [1497962094.0222] dhcp4 (enp0s3):   nameserver '10.0.2.3'
Jun 20 14:34:54 virtualbox NetworkManager[560]: <info>  [1497962094.0222] dhcp4 (enp0s3): state changed unknown -> bound
Jun 20 14:34:54 virtualbox avahi-daemon[562]: Joining mDNS multicast group on interface enp0s3.IPv4 with address 10.0.2.15.
Jun 20 14:34:54 virtualbox avahi-daemon[562]: New relevant interface enp0s3.IPv4 for mDNS.
Jun 20 14:34:54 virtualbox avahi-daemon[562]: Registering new address record for 10.0.2.15 on enp0s3.IPv4.
Jun 20 14:34:54 virtualbox NetworkManager[560]: <info>  [1497962094.0246] device (enp0s3): state change: ip-config -> ip-check (reason 'none') [70 80 0]
Jun 20 14:34:54 virtualbox NetworkManager[560]: <info>  [1497962094.0268] device (enp0s3): state change: ip-check -> secondaries (reason 'none') [80 90 0]
Jun 20 14:34:54 virtualbox NetworkManager[560]: <info>  [1497962094.0270] device (enp0s3): state change: secondaries -> activated (reason 'none') [90 100 0]
Jun 20 14:34:54 virtualbox NetworkManager[560]: <info>  [1497962094.0272] manager: NetworkManager state is now CONNECTED_LOCAL
Jun 20 14:34:54 virtualbox nm-dispatcher: req:2 'connectivity-change': new request (1 scripts)
Jun 20 14:34:54 virtualbox nm-dispatcher: req:2 'connectivity-change': start running ordered scripts...
Jun 20 14:34:54 virtualbox NetworkManager[560]: <info>  [1497962094.0293] manager: NetworkManager state is now CONNECTED_GLOBAL
Jun 20 14:34:54 virtualbox NetworkManager[560]: <info>  [1497962094.0294] policy: set 'Wired connection 1' (enp0s3) as default for IPv4 routing and DNS
Jun 20 14:34:54 virtualbox NetworkManager[560]: <info>  [1497962094.0295] device (enp0s3): Activation: successful, device activated.
Jun 20 14:34:54 virtualbox dhclient[820]: bound to 10.0.2.15 -- renewal in 34812 seconds.
Jun 20 14:34:54 virtualbox nm-dispatcher: req:3 'up' [enp0s3]: new request (1 scripts)
Jun 20 14:34:54 virtualbox nm-dispatcher: req:3 'up' [enp0s3]: start running ordered scripts...
Jun 20 14:34:54 virtualbox whoopsie[492]: [14:34:54] Cannot reach: https://daisy.ubuntu.com
Jun 20 14:34:54 virtualbox whoopsie[492]: [14:34:54] The default IPv4 route is: /org/freedesktop/NetworkManager/ActiveConnection/0
Jun 20 14:34:54 virtualbox whoopsie[492]: [14:34:54] Not a paid data plan: /org/freedesktop/NetworkManager/ActiveConnection/0
Jun 20 14:34:54 virtualbox whoopsie[492]: [14:34:54] Found usable connection: /org/freedesktop/NetworkManager/ActiveConnection/0
Jun 20 14:34:54 virtualbox whoopsie[492]: [14:34:54] Cannot reach: https://daisy.ubuntu.com
Jun 20 14:34:54 virtualbox systemd[1]: Received SIGRTMIN+20 from PID 319 (plymouthd).
Jun 20 14:34:54 virtualbox systemd[1]: Started Raise network interfaces.
Jun 20 14:34:54 virtualbox systemd[1]: Reached target Network.
Jun 20 14:34:54 virtualbox systemd[1]: Starting Permit User Sessions...
Jun 20 14:34:54 virtualbox systemd[1]: Starting Network Name Resolution...
Jun 20 14:34:54 virtualbox systemd[1]: Starting OpenVPN service...
Jun 20 14:34:54 virtualbox systemd[1]: Started Permit User Sessions.
Jun 20 14:34:54 virtualbox systemd[1]: Started OpenVPN service.
Jun 20 14:34:54 virtualbox systemd[1]: Starting Light Display Manager...
Jun 20 14:34:54 virtualbox systemd[1]: Starting Hold until boot process finishes up...
Jun 20 14:34:54 virtualbox kernel: [    5.430416] snd_intel8x0 0000:00:05.0: white list rate for 1028:0177 is 48000
Jun 20 14:34:54 virtualbox systemd[1]: Reached target Sound Card.
Jun 20 14:34:54 virtualbox systemd-udevd[276]: Process '/usr/sbin/alsactl -E HOME=/run/alsa restore 0' failed with exit code 99.
Jun 20 14:34:54 virtualbox systemd-resolved[912]: Positive Trust Anchors:
Jun 20 14:34:54 virtualbox systemd-resolved[912]: . IN DS 19036 8 2 49aac11d7b6f6446702e54a1607371607a1a41855200fd2ce1cdde32f24e8fb5
Jun 20 14:34:54 virtualbox systemd-resolved[912]: . IN DS 20326 8 2 e06d44b80b8f1d39a95c0b0d7c65d08458e880409bbc683457104237c7f8ec8d
Jun 20 14:34:54 virtualbox systemd-resolved[912]: Negative trust anchors: 10.in-addr.arpa 16.172.in-addr.arpa 17.172.in-addr.arpa 18.172.in-addr.arpa 19.172.in-addr.arpa 20.172.in-addr.arpa 21.172.in-addr.arpa 22.172.in-addr.arpa 23.172.in-addr.arpa 24.172.in-addr.arpa 25.172.in-addr.arpa 26.172.in-addr.arpa 27.172.in-addr.arpa 28.172.in-addr.arpa 29.172.in-addr.arpa 30.172.in-addr.arpa 31.172.in-addr.arpa 168.192.in-addr.arpa d.f.ip6.arpa corp home internal intranet lan local private test
Jun 20 14:34:54 virtualbox systemd-resolved[912]: Using system hostname 'virtualbox'.
Jun 20 14:34:54 virtualbox systemd[1]: Received SIGRTMIN+21 from PID 319 (plymouthd).
Jun 20 14:34:54 virtualbox dbus[498]: [system] Successfully activated service 'org.freedesktop.resolve1'
Jun 20 14:34:54 virtualbox systemd[1]: Started Hold until boot process finishes up.
Jun 20 14:34:54 virtualbox systemd[1]: Started Light Display Manager.
Jun 20 14:34:54 virtualbox systemd[1]: Starting Set console scheme...
Jun 20 14:34:54 virtualbox systemd[1]: Started Set console scheme.
Jun 20 14:34:54 virtualbox systemd[1]: Created slice system-getty.slice.
Jun 20 14:34:54 virtualbox systemd[1]: Started Getty on tty1.
Jun 20 14:34:54 virtualbox systemd[1]: Reached target Login Prompts.
Jun 20 14:34:54 virtualbox systemd-resolved[912]: Switching to DNS server 10.0.2.3 for interface enp0s3.
Jun 20 14:34:54 virtualbox systemd[1]: Created slice User Slice of user.
Jun 20 14:34:54 virtualbox systemd[1]: Starting User Manager for UID 1000...
Jun 20 14:34:54 virtualbox systemd[1]: Started Session c1 of user user.
Jun 20 14:34:54 virtualbox systemd[1001]: Reached target Paths.
Jun 20 14:34:54 virtualbox systemd[1001]: Reached target Timers.
Jun 20 14:34:54 virtualbox systemd[1001]: Starting D-Bus User Message Bus Socket.
Jun 20 14:34:54 virtualbox systemd[1001]: Listening on D-Bus User Message Bus Socket.
Jun 20 14:34:54 virtualbox systemd[1001]: Reached target Sockets.
Jun 20 14:34:54 virtualbox systemd[1001]: Reached target Basic System.
Jun 20 14:34:54 virtualbox systemd[1001]: Reached target Default.
Jun 20 14:34:54 virtualbox systemd[1001]: Startup finished in 16ms.
Jun 20 14:34:54 virtualbox systemd[1]: Started User Manager for UID 1000.
Jun 20 14:34:54 virtualbox systemd[1001]: Started D-Bus User Message Bus.
Jun 20 14:34:55 virtualbox systemd-resolved[912]: Using degraded feature set (UDP) for DNS server 10.0.2.3.
Jun 20 14:34:55 virtualbox systemd-resolved[912]: Server 10.0.2.3 does not support DNSSEC, downgrading to non-DNSSEC mode.
Jun 20 14:34:55 virtualbox whoopsie[492]: [14:34:55] online
Jun 20 14:34:55 virtualbox avahi-daemon[562]: Joining mDNS multicast group on interface enp0s3.IPv6 with address fe80::94b9:8865:4936:6987.
Jun 20 14:34:55 virtualbox avahi-daemon[562]: New relevant interface enp0s3.IPv6 for mDNS.
Jun 20 14:34:55 virtualbox avahi-daemon[562]: Registering new address record for fe80::94b9:8865:4936:6987 on enp0s3.*.
Jun 20 14:34:55 virtualbox dbus-daemon[1021]: Activating via systemd: service name='org.gtk.vfs.Daemon' unit='gvfs-daemon.service'
Jun 20 14:34:55 virtualbox systemd[1001]: Starting Virtual filesystem service...
Jun 20 14:34:55 virtualbox dbus-daemon[1021]: Successfully activated service 'org.gtk.vfs.Daemon'
Jun 20 14:34:55 virtualbox systemd[1001]: Started Virtual filesystem service.
Jun 20 14:34:55 virtualbox dbus-daemon[1021]: Activating via systemd: service name='org.a11y.Bus' unit='at-spi-dbus-bus.service'
Jun 20 14:34:55 virtualbox systemd[1001]: Starting Accessibility services bus...
Jun 20 14:34:55 virtualbox dbus-daemon[1021]: Successfully activated service 'org.a11y.Bus'
Jun 20 14:34:55 virtualbox systemd[1001]: Started Accessibility services bus.
Jun 20 14:34:55 virtualbox systemd[1001]: Reloading.
Jun 20 14:34:55 virtualbox at-spi-bus-launcher[1226]: Activating service name='org.a11y.atspi.Registry'
Jun 20 14:34:55 virtualbox systemd[1001]: Reached target Target representing the lifecycle of the indicators. Each indicator should be bound to it in its individual service file..
Jun 20 14:34:55 virtualbox systemd[1001]: Starting Session Migration...
Jun 20 14:34:55 virtualbox systemd[1001]: Starting Start gnome-keyring for the Secrets Service, and PKCS #11...
Jun 20 14:34:55 virtualbox systemd[1001]: Started Path trigger for new release of Ubuntu notifications.
Jun 20 14:34:55 virtualbox systemd[1001]: Starting Start gnome-keyring as SSH agent...
Jun 20 14:34:55 virtualbox systemd[1001]: Started Path trigger for Avahi .local domain notifications.
Jun 20 14:34:55 virtualbox systemd[1001]: Started Path trigger for Apport crash notifications.
Jun 20 14:34:55 virtualbox gnome-keyring-d[1252]: couldn't access control socket: /run/user/1000/keyring/control: No such file or directory
Jun 20 14:34:55 virtualbox gnome-keyring-d[1256]: couldn't read 4 bytes from control socket: Connection reset by peer
Jun 20 14:34:55 virtualbox systemd[1001]: Started Start gnome-keyring for the Secrets Service, and PKCS #11.
Jun 20 14:34:55 virtualbox at-spi-bus-launcher[1226]: Successfully activated service 'org.a11y.atspi.Registry'
Jun 20 14:34:55 virtualbox org.a11y.atspi.Registry[1236]: SpiRegistry daemon is running with well-known name - org.a11y.atspi.Registry
Jun 20 14:34:55 virtualbox sh[1249]: dbus-update-activation-environment: setting SSH_AUTH_SOCK=/run/user/1000/keyring/ssh
Jun 20 14:34:55 virtualbox sh[1249]: dbus-update-activation-environment: setting SSH_AGENT_LAUNCHER=gnome-keyring
Jun 20 14:34:55 virtualbox sh[1249]: initctl: Name "com.ubuntu.Upstart" does not exist
Jun 20 14:34:55 virtualbox systemd[1001]: Started Start gnome-keyring as SSH agent.
Jun 20 14:34:55 virtualbox systemd[1001]: Started OpenSSH Agent.
Jun 20 14:34:55 virtualbox dbus-daemon[1021]: Activating service name='ca.desrt.dconf'
Jun 20 14:34:55 virtualbox dbus-daemon[1021]: Successfully activated service 'ca.desrt.dconf'
Jun 20 14:34:56 virtualbox ModemManager[435]: <info>  Couldn't check support for device at '/sys/devices/pci0000:00/0000:00:03.0': not supported by any plugin
Jun 20 14:34:56 virtualbox kernel: [    8.036761] floppy0: no floppy controllers found
Jun 20 14:34:58 virtualbox systemd[1001]: Started Session Migration.
Jun 20 14:34:58 virtualbox systemd[1001]: Reached target Session services which should run early before the graphical session is brought up.
Jun 20 14:34:58 virtualbox systemd[1001]: Started Indicator Keyboard Backend.
Jun 20 14:34:58 virtualbox systemd[1001]: Starting BAMF Application Matcher Framework...
Jun 20 14:34:58 virtualbox systemd[1001]: Started Indicator Date & Time Backend.
Jun 20 14:34:58 virtualbox systemd[1001]: Started Indicator Sound Service.
Jun 20 14:34:58 virtualbox systemd[1001]: Started Indicator Printers Service.
Jun 20 14:34:58 virtualbox systemd[1001]: Started Indicator Power.
Jun 20 14:34:58 virtualbox systemd[1001]: Started Indicator Session Service.
Jun 20 14:34:58 virtualbox systemd[1001]: Started Indicator Messages Service.
Jun 20 14:34:58 virtualbox systemd[1001]: Started Window Stack Bridge.
Jun 20 14:34:58 virtualbox systemd[1001]: Starting Launch and configure input method...
Jun 20 14:34:58 virtualbox systemd[1001]: Reached target Current graphical user session.
Jun 20 14:34:58 virtualbox systemd[1001]: Started Indicator Bluetooth Backend.
Jun 20 14:34:58 virtualbox systemd[1001]: Started Indicator Application Service.
Jun 20 14:34:58 virtualbox systemd[1001]: Started Unity Settings Daemon.
Jun 20 14:34:58 virtualbox systemd[1001]: Starting Unity GTK Module Environment variables...
Jun 20 14:34:58 virtualbox dbus-daemon[1021]: Activating service name='org.gnome.ScreenSaver'
Jun 20 14:34:58 virtualbox dbus[498]: [system] Activating via systemd: service name='org.bluez' unit='dbus-org.bluez.service'
Jun 20 14:34:58 virtualbox sh[1366]: dbus-update-activation-environment: setting GTK_MODULES=gail:atk-bridge:unity-gtk-module
Jun 20 14:34:58 virtualbox systemd[1001]: Started Unity GTK Module Environment variables.
Jun 20 14:34:58 virtualbox systemd[1001]: Starting Unity Shell v7...
Jun 20 14:34:58 virtualbox systemd[1001]: Started GNOME Session Manager.
Jun 20 14:34:58 virtualbox sh[1397]: + [ ubuntu != gnome-classic ]
Jun 20 14:34:58 virtualbox sh[1397]: + export GNOME_SESSION_XDG_SESSION_PATH=/org/freedesktop/DisplayManager/Session0
Jun 20 14:34:58 virtualbox sh[1397]: + [ ubuntu = gnome-flashback-metacity ]
Jun 20 14:34:58 virtualbox sh[1397]: + exec gnome-session --session=ubuntu
Jun 20 14:34:58 virtualbox dbus-daemon[1021]: Activating via systemd: service name='org.ayatana.bamf' unit='bamfdaemon.service'
Jun 20 14:34:58 virtualbox indicator-sound[1338]: volume-control-pulse.vala:735: unable to get pulse unix socket: GDBus.Error:org.freedesktop.DBus.Error.ServiceUnknown: The name org.PulseAudio1 was not provided by any .service files
Jun 20 14:34:58 virtualbox indicator-application-service[1347]: initctl: UPSTART_SESSION isn't set in the environment. Unable to locate the Upstart instance.
Jun 20 14:34:58 virtualbox dbus[498]: [system] Activating via systemd: service name='org.freedesktop.RealtimeKit1' unit='rtkit-daemon.service'
Jun 20 14:34:58 virtualbox systemd[1]: Starting RealtimeKit Scheduling Policy Service...
Jun 20 14:34:58 virtualbox dbus[498]: [system] Successfully activated service 'org.freedesktop.RealtimeKit1'
Jun 20 14:34:58 virtualbox systemd[1]: Started RealtimeKit Scheduling Policy Service.
Jun 20 14:34:58 virtualbox rtkit-daemon[1446]: Successfully called chroot.
Jun 20 14:34:58 virtualbox rtkit-daemon[1446]: Successfully dropped privileges.
Jun 20 14:34:58 virtualbox rtkit-daemon[1446]: Successfully limited resources.
Jun 20 14:34:58 virtualbox rtkit-daemon[1446]: Running.
Jun 20 14:34:58 virtualbox rtkit-daemon[1446]: Watchdog thread running.
Jun 20 14:34:58 virtualbox rtkit-daemon[1446]: Canary thread running.
Jun 20 14:34:58 virtualbox rtkit-daemon[1446]: Successfully made thread 1445 of process 1445 (n/a) owned by '1000' high priority at nice level -11.
Jun 20 14:34:58 virtualbox rtkit-daemon[1446]: Supervising 1 threads of 1 processes of 1 users.
Jun 20 14:34:58 virtualbox compiz-profile-selector[1411]: OpenGL vendor string:   VMware, Inc.
Jun 20 14:34:58 virtualbox compiz-profile-selector[1411]: OpenGL renderer string: Gallium 0.4 on llvmpipe (LLVM 4.0, 256 bits)
Jun 20 14:34:58 virtualbox compiz-profile-selector[1411]: OpenGL version string:  3.0 Mesa 17.0.3
Jun 20 14:34:58 virtualbox compiz-profile-selector[1411]: Not software rendered:    #033[31;01mno#033[00m
Jun 20 14:34:58 virtualbox compiz-profile-selector[1411]: Not blacklisted:          #033[32;01myes#033[00m
Jun 20 14:34:58 virtualbox compiz-profile-selector[1411]: GLX fbconfig:             #033[32;01myes#033[00m
Jun 20 14:34:58 virtualbox compiz-profile-selector[1411]: GLX texture from pixmap:  #033[32;01myes#033[00m
Jun 20 14:34:58 virtualbox compiz-profile-selector[1411]: GL npot or rect textures: #033[32;01myes#033[00m
Jun 20 14:34:58 virtualbox compiz-profile-selector[1411]: GL vertex program:        #033[32;01myes#033[00m
Jun 20 14:34:58 virtualbox compiz-profile-selector[1411]: GL fragment program:      #033[32;01myes#033[00m
Jun 20 14:34:58 virtualbox compiz-profile-selector[1411]: GL vertex buffer object:  #033[32;01myes#033[00m
Jun 20 14:34:58 virtualbox compiz-profile-selector[1411]: GL framebuffer object:    #033[32;01myes#033[00m
Jun 20 14:34:58 virtualbox compiz-profile-selector[1411]: GL version is 1.4+:       #033[32;01myes#033[00m
Jun 20 14:34:58 virtualbox compiz-profile-selector[1411]: Unity 3D supported:       #033[31;01mno#033[00m
Jun 20 14:34:58 virtualbox compiz-profile-selector[1411]: Using compiz profile 'ubuntu-lowgfx'
Jun 20 14:34:58 virtualbox compiz-profile-selector[1411]: dbus-update-activation-environment: setting COMPIZ_CONFIG_PROFILE=ubuntu-lowgfx
Jun 20 14:34:58 virtualbox sh[1345]: initctl: Name "com.ubuntu.Upstart" does not exist
Jun 20 14:34:58 virtualbox sh[1345]: initctl: Name "com.ubuntu.Upstart" does not exist
Jun 20 14:34:58 virtualbox pulseaudio[1445]: [pulseaudio] alsa-util.c: Disabling timer-based scheduling because running inside a VM.
Jun 20 14:34:58 virtualbox sh[1345]: initctl: Name "com.ubuntu.Upstart" does not exist
Jun 20 14:34:58 virtualbox dbus-daemon[1021]: Successfully activated service 'org.ayatana.bamf'
Jun 20 14:34:58 virtualbox systemd[1001]: Started BAMF Application Matcher Framework.
Jun 20 14:34:58 virtualbox gnome-screensav[1385]: Couldn't get presence status: The name org.gnome.SessionManager was not provided by any .service files
Jun 20 14:34:58 virtualbox pulseaudio[1445]: [pulseaudio] sink.c: Default and alternate sample rates are the same.
Jun 20 14:34:58 virtualbox rtkit-daemon[1446]: Supervising 1 threads of 1 processes of 1 users.
Jun 20 14:34:58 virtualbox rtkit-daemon[1446]: Successfully made thread 1476 of process 1445 (n/a) owned by '1000' RT at priority 5.
Jun 20 14:34:58 virtualbox rtkit-daemon[1446]: Supervising 2 threads of 1 processes of 1 users.
Jun 20 14:34:58 virtualbox pulseaudio[1445]: [pulseaudio] alsa-util.c: Disabling timer-based scheduling because running inside a VM.
Jun 20 14:34:58 virtualbox rtkit-daemon[1446]: Supervising 2 threads of 1 processes of 1 users.
Jun 20 14:34:58 virtualbox rtkit-daemon[1446]: Successfully made thread 1477 of process 1445 (n/a) owned by '1000' RT at priority 5.
Jun 20 14:34:58 virtualbox rtkit-daemon[1446]: Supervising 3 threads of 1 processes of 1 users.
Jun 20 14:34:58 virtualbox unity-settings-[1348]: Failed to load PNP ids: Failed to open file /usr/share/hwdata/pnp.ids: No such file or directory
Jun 20 14:34:58 virtualbox window-stack-bridge[1344]: QDBusConnection: name 'org.ayatana.bamf' had owner '' but we thought it was ':1.42'
Jun 20 14:34:58 virtualbox sh[1345]: initctl: Name "com.ubuntu.Upstart" does not exist
Jun 20 14:34:58 virtualbox dbus[498]: [system] Activating via systemd: service name='org.freedesktop.timedate1' unit='dbus-org.freedesktop.timedate1.service'
Jun 20 14:34:58 virtualbox systemd[1]: Starting Time & Date Service...
Jun 20 14:34:58 virtualbox dbus-daemon[1021]: Successfully activated service 'org.gnome.ScreenSaver'
Jun 20 14:34:58 virtualbox pulseaudio[1445]: [pulseaudio] authkey.c: Failed to open cookie file '/home/user/.config/pulse/cookie': No such file or directory
Jun 20 14:34:58 virtualbox pulseaudio[1445]: [pulseaudio] authkey.c: Failed to load authentication key '/home/user/.config/pulse/cookie': No such file or directory
Jun 20 14:34:58 virtualbox pulseaudio[1445]: [pulseaudio] authkey.c: Failed to open cookie file '/home/user/.pulse-cookie': No such file or directory
Jun 20 14:34:58 virtualbox pulseaudio[1445]: [pulseaudio] authkey.c: Failed to load authentication key '/home/user/.pulse-cookie': No such file or directory
Jun 20 14:34:58 virtualbox gnome-screensav[1385]: Config key not handled: picture-opacity
Jun 20 14:34:58 virtualbox gnome-screensav[1385]: Config key not handled: primary-color
Jun 20 14:34:58 virtualbox gnome-screensav[1385]: Config key not handled: secondary-color
Jun 20 14:34:58 virtualbox gnome-screensav[1385]: Config key not handled: color-shading-type
Jun 20 14:34:58 virtualbox gnome-screensav[1385]: Config key not handled: show-notifications
Jun 20 14:34:58 virtualbox sh[1345]: initctl: Name "com.ubuntu.Upstart" does not exist
Jun 20 14:34:58 virtualbox dbus-daemon[1021]: Activating via systemd: service name='org.gnome.evolution.dataserver.Sources5' unit='evolution-source-registry.service'
Jun 20 14:34:58 virtualbox systemd[1001]: Starting Evolution source registry...
Jun 20 14:34:58 virtualbox gnome-screensav[1385]: Config key not handled: picture-options
Jun 20 14:34:58 virtualbox gnome-screensav[1385]: Config key not handled: show-full-name-in-top-bar
Jun 20 14:34:58 virtualbox gnome-screensav[1385]: Config key not handled: picture-uri
Jun 20 14:34:58 virtualbox systemd[1001]: Started Launch and configure input method.
Jun 20 14:34:58 virtualbox gnome-screensav[1385]: Config key not handled: disable-command-line
Jun 20 14:34:58 virtualbox gnome-screensav[1385]: Config key not handled: disable-application-handlers
Jun 20 14:34:58 virtualbox dbus[498]: [system] Successfully activated service 'org.freedesktop.timedate1'
Jun 20 14:34:58 virtualbox systemd[1]: Started Time & Date Service.
Jun 20 14:34:58 virtualbox gnome-screensav[1385]: Config key not handled: user-administration-disabled
Jun 20 14:34:58 virtualbox gnome-screensav[1385]: Config key not handled: disable-printing
Jun 20 14:34:58 virtualbox gnome-screensav[1385]: Config key not handled: disable-log-out
Jun 20 14:34:58 virtualbox gnome-screensav[1385]: Config key not handled: disable-print-setup
Jun 20 14:34:58 virtualbox gnome-screensav[1385]: Config key not handled: disable-save-to-disk
Jun 20 14:34:58 virtualbox gnome-screensav[1385]: Config key not handled: picture-opacity
Jun 20 14:34:58 virtualbox gnome-screensav[1385]: Config key not handled: primary-color
Jun 20 14:34:58 virtualbox gnome-screensav[1385]: Config key not handled: secondary-color
Jun 20 14:34:58 virtualbox gnome-screensav[1385]: Config key not handled: color-shading-type
Jun 20 14:34:58 virtualbox gnome-screensav[1385]: Config key not handled: show-notifications
Jun 20 14:34:58 virtualbox gnome-screensav[1385]: Config key not handled: picture-options
Jun 20 14:34:58 virtualbox gnome-screensav[1385]: Config key not handled: show-full-name-in-top-bar
Jun 20 14:34:58 virtualbox gnome-screensav[1385]: Config key not handled: picture-uri
Jun 20 14:34:58 virtualbox gnome-screensav[1385]: Config key not handled: disable-command-line
Jun 20 14:34:58 virtualbox gnome-screensav[1385]: Config key not handled: disable-application-handlers
Jun 20 14:34:58 virtualbox gnome-screensav[1385]: Config key not handled: user-administration-disabled
Jun 20 14:34:58 virtualbox gnome-screensav[1385]: Config key not handled: disable-printing
Jun 20 14:34:58 virtualbox gnome-screensav[1385]: Config key not handled: disable-log-out
Jun 20 14:34:58 virtualbox gnome-screensav[1385]: Config key not handled: disable-print-setup
Jun 20 14:34:58 virtualbox gnome-screensav[1385]: Config key not handled: disable-save-to-disk
Jun 20 14:34:58 virtualbox dbus[498]: [system] Activating service name='com.canonical.Unity.Greeter.Broadcast' (using servicehelper)
Jun 20 14:34:58 virtualbox dbus[498]: [system] Successfully activated service 'com.canonical.Unity.Greeter.Broadcast'
Jun 20 14:34:58 virtualbox dbus-daemon[1021]: Activating service name='com.canonical.libertine.Service'
Jun 20 14:34:58 virtualbox NetworkManager[560]: <info>  [1497962098.8228] manager: startup complete
Jun 20 14:34:58 virtualbox gnome-session[1397]: gnome-session-binary[1397]: WARNING: Could not get session id for session. Check that logind is properly installed and pam_systemd is getting used at login.
Jun 20 14:34:58 virtualbox gnome-session-binary[1397]: WARNING: Could not get session id for session. Check that logind is properly installed and pam_systemd is getting used at login.
Jun 20 14:34:58 virtualbox gnome-keyring-secrets.desktop[1515]: SSH_AUTH_SOCK=/run/user/1000/keyring/ssh
Jun 20 14:34:58 virtualbox dbus[498]: [system] Activating via systemd: service name='org.freedesktop.ColorManager' unit='colord.service'
Jun 20 14:34:58 virtualbox systemd[1]: Starting Manage, Install and Generate Color Profiles...
Jun 20 14:34:58 virtualbox unity-settings-[1348]: Unable to register client: GDBus.Error:org.freedesktop.DBus.Error.ServiceUnknown: The name org.gnome.SessionManager was not provided by any .service files
Jun 20 14:34:59 virtualbox dbus[498]: [system] Successfully activated service 'org.freedesktop.ColorManager'
Jun 20 14:34:59 virtualbox systemd[1]: Started Manage, Install and Generate Color Profiles.
Jun 20 14:34:59 virtualbox gnome-keyring-d[1256]: The SSH agent was already initialized
Jun 20 14:34:59 virtualbox gnome-keyring-ssh.desktop[1522]: SSH_AUTH_SOCK=/run/user/1000/keyring/ssh
Jun 20 14:34:59 virtualbox gnome-keyring-pkcs11.desktop[1517]: SSH_AUTH_SOCK=/run/user/1000/keyring/ssh
Jun 20 14:34:59 virtualbox dbus-daemon[1021]: Successfully activated service 'org.gnome.evolution.dataserver.Sources5'
Jun 20 14:34:59 virtualbox systemd[1001]: Started Evolution source registry.
Jun 20 14:34:59 virtualbox dbus[498]: [system] Activating via systemd: service name='org.freedesktop.locale1' unit='dbus-org.freedesktop.locale1.service'
Jun 20 14:34:59 virtualbox systemd[1]: Starting Locale Service...
Jun 20 14:34:59 virtualbox pulseaudio[1445]: [alsa-sink-Intel ICH] alsa-sink.c: ALSA woke us up to write new data to the device, but there was actually nothing to write.
Jun 20 14:34:59 virtualbox pulseaudio[1445]: [alsa-sink-Intel ICH] alsa-sink.c: Most likely this is a bug in the ALSA driver 'snd_intel8x0'. Please report this issue to the ALSA developers.
Jun 20 14:34:59 virtualbox pulseaudio[1445]: [alsa-sink-Intel ICH] alsa-sink.c: We were woken up with POLLOUT set -- however a subsequent snd_pcm_avail() returned 0 or another value < min_avail.
Jun 20 14:34:59 virtualbox unity-settings-[1348]: Failed to load PNP ids: Failed to open file /usr/share/hwdata/pnp.ids: No such file or directory
Jun 20 14:34:59 virtualbox unity-settings-[1348]: Failed to load PNP ids: Failed to open file /usr/share/hwdata/pnp.ids: No such file or directory
Jun 20 14:34:59 virtualbox colord[1523]: failed to get session [pid 1348]: No such device or address
Jun 20 14:34:59 virtualbox dbus[498]: [system] Successfully activated service 'org.freedesktop.locale1'
Jun 20 14:34:59 virtualbox systemd[1]: Started Locale Service.
Jun 20 14:34:59 virtualbox unity-settings-[1348]: Failed to load PNP ids: Failed to open file /usr/share/hwdata/pnp.ids: No such file or directory
Jun 20 14:34:59 virtualbox unity-settings-[1348]: message repeated 2 times: [ Failed to load PNP ids: Failed to open file /usr/share/hwdata/pnp.ids: No such file or directory]
